../USB_HOST/Core/Src/USB_Host_Enumerate.c:32:48:USB_Host_Enumerate___Allocate_Enumerator_Node	16	static
../USB_HOST/Core/Src/USB_Host_Enumerate.c:45:7:USB_Host_Enumerate___Free_Enumerator_Node	16	static
../USB_HOST/Core/Src/USB_Host_Enumerate.c:54:47:USB_Host_Enumerate___Create_Enumerator	24	static
../USB_HOST/Core/Src/USB_Host_Enumerate.c:77:6:USB_Host_Enumerate___Delete_Enumerator_Node	16	static
../USB_HOST/Core/Src/USB_Host_Enumerate.c:95:47:USB_Host_Tranfers___Get_first_Enumerator_Node	16	static
../USB_HOST/Core/Src/USB_Host_Enumerate.c:104:47:USB_Host_Enumerate___Get_Enumerator_Node_From_Device_Address	24	static
../USB_HOST/Core/Src/USB_Host_Enumerate.c:121:6:USB_Host_Enumerate___Set_Current_USB_Address_To_Pending_USB_Address	16	static
../USB_HOST/Core/Src/USB_Host_Enumerate.c:126:6:USB_Host_Enumerate___Set_Pending_USB_Device_Address	16	static
../USB_HOST/Core/Src/USB_Host_Enumerate.c:131:6:USB_Host_Enumerate___Set_Setup_Stage	16	static
../USB_HOST/Core/Src/USB_Host_Enumerate.c:136:9:USB_Host_Enumerate___Device_Get_Setup_Stage	16	static
../USB_HOST/Core/Src/USB_Host_Enumerate.c:143:9:USB_Host_Enumerate___Get_Next_String_Descriptor_Type	40	static
../USB_HOST/Core/Src/USB_Host_Enumerate.c:182:6:USB_Host_Enumerate___Set_Current_String_Descriptor_Type	16	static
../USB_HOST/Core/Src/USB_Host_Enumerate.c:187:9:USB_Host_Enumerate___Get_Current_String_Descriptor_Type	16	static
../USB_HOST/Core/Src/USB_Host_Enumerate.c:192:9:USB_Host_Enumerate___Get_Current_String_Descriptor_Index	40	static
../USB_HOST/Core/Src/USB_Host_Enumerate.c:217:9:USB_Host_Enumerate___Get_Current_Configuration_Descriptor_Index	16	static
../USB_HOST/Core/Src/USB_Host_Enumerate.c:222:6:USB_Host_Enumerate___Set_Current_Configuration_Descriptor_Index	16	static
../USB_HOST/Core/Src/USB_Host_Enumerate.c:227:10:USB_Host_Enumerate___Get_Current_Configuration_Descriptor_Buffer	24	static
../USB_HOST/Core/Src/USB_Host_Enumerate.c:233:10:USB_Host_Enumerate___Get_Current_Configuration_Descriptor_Length	16	static
../USB_HOST/Core/Src/USB_Host_Enumerate.c:238:10:USB_Host_Enumerate___Get_Current_String_Descriptor_Buffer	24	static
../USB_HOST/Core/Src/USB_Host_Enumerate.c:261:9:USB_Host_Enumerate___Get_Current_String_Descriptor_Length	24	static
../USB_HOST/Core/Src/USB_Host_Enumerate.c:273:10:USB_Host_Enumerate___Get_Current_String_Descriptor_Language_ID	24	static
../USB_HOST/Core/Src/USB_Host_Enumerate.c:292:6:USB_Host_Enumerate___Set_Next_Setup_Stage	40	static
../USB_HOST/Core/Src/USB_Host_Enumerate.c:360:6:USB_Host_Enumerate___Setup_Stage_Completed	40	static
../USB_HOST/Core/Src/USB_Host_Enumerate.c:403:6:USB_Host_Enumerate___URB_Callback	16	static
../USB_HOST/Core/Src/USB_Host_Enumerate.c:424:6:USB_Host_Enumerate___Get_Full_Device_Descriptor	64	static
../USB_HOST/Core/Src/USB_Host_Enumerate.c:438:6:USB_Host_Enumerate___Get_First_Eight_Device_Descriptor	64	static
../USB_HOST/Core/Src/USB_Host_Enumerate.c:452:6:USB_Host_Enumerate___Set_Address	56	static
../USB_HOST/Core/Src/USB_Host_Enumerate.c:464:6:USB_Host_Enumerate___Get_String_Descriptor	56	static
../USB_HOST/Core/Src/USB_Host_Enumerate.c:476:6:USB_Host_Enumerate___Get_Configuration_Descriptor	56	static
../USB_HOST/Core/Src/USB_Host_Enumerate.c:489:6:USB_Host_Enumerate___Do_Setup_Stage	64	static
../USB_HOST/Core/Src/USB_Host_Enumerate.c:553:9:USB_Host_Enumerate___Enumerate_Device	40	static
