../USB_HOST/Core/Src/USB_Host_Hub.c:35:35:USB_Host_Hub___Allocate_Hub_Node	16	static
../USB_HOST/Core/Src/USB_Host_Hub.c:50:7:USB_Host_Hub___Free_Hub_Node	16	static
../USB_HOST/Core/Src/USB_Host_Hub.c:59:34:USB_Host_Hub___Create_Hub_Node	24	static
../USB_HOST/Core/Src/USB_Host_Hub.c:82:6:USB_Host_Hub___Delete_Hub_Node	16	static
../USB_HOST/Core/Src/USB_Host_Hub.c:105:34:USB_Host_Hub___Get_Hub_Node_From_Device_Address	24	static
../USB_HOST/Core/Src/USB_Host_Hub.c:124:6:USB_Host_Hub___Set_Configuration	56	static
../USB_HOST/Core/Src/USB_Host_Hub.c:137:6:USB_Host_Hub___Get_Hub_Descriptor	56	static
../USB_HOST/Core/Src/USB_Host_Hub.c:150:6:USB_Host_Hub___Set_Port_Feature	56	static
../USB_HOST/Core/Src/USB_Host_Hub.c:163:6:USB_Host_Hub___Clear_Port_Feature	56	static
../USB_HOST/Core/Src/USB_Host_Hub.c:176:6:USB_Host_Hub___Set_Next_Setup_Stage	16	static
../USB_HOST/Core/Src/USB_Host_Hub.c:195:6:USB_Host_Hub___Generic_URB_Callback	16	static
../USB_HOST/Core/Src/USB_Host_Hub.c:205:6:USB_Host_Hub___Handle_Change_In_Port_Reset_Status	32	static
../USB_HOST/Core/Src/USB_Host_Hub.c:214:6:USB_Host_Hub___Handle_Port_Connection	48	static
../USB_HOST/Core/Src/USB_Host_Hub.c:248:6:USB_Host_Hub___Handle_Port_Disconnection	40	static
../USB_HOST/Core/Src/USB_Host_Hub.c:262:6:USB_Host_Hub___Handle_Change_In_Port_Connection_Status	32	static
../USB_HOST/Core/Src/USB_Host_Hub.c:274:6:USB_Host_Hub___Get_Port_Status_URB_Callback	48	static,ignoring_inline_asm
../USB_HOST/Core/Src/USB_Host_Hub.c:300:6:USB_Host_Hub___Get_Port_Status	56	static
../USB_HOST/Core/Src/USB_Host_Hub.c:312:6:USB_Host_Hub___Interrupt_URB_Callback	48	static,ignoring_inline_asm
../USB_HOST/Core/Src/USB_Host_Hub.c:335:6:USB_Host_Hub___Polling_Callback	56	static
../USB_HOST/Core/Src/USB_Host_Hub.c:342:6:USB_Host_Hub___Do_Setup_Stage	40	static
../USB_HOST/Core/Src/USB_Host_Hub.c:370:6:USB_Host_Hub___URB_Setup_Callback	16	static
../USB_HOST/Core/Src/USB_Host_Hub.c:381:6:USB_Host_Hub___Disconnection_Callback	24	static
../USB_HOST/Core/Src/USB_Host_Hub.c:395:6:USB_Host_Hub___Initiate_Hub	32	static
