../USB_LL_CORE/Src/USB_LL_Host.c:23:6:USB_LL_Host___Reset_Port	24	static
../USB_LL_CORE/Src/USB_LL_Host.c:31:6:USB_LL_Host___Set_FIFO_Size	32	static
../USB_LL_CORE/Src/USB_LL_Host.c:47:10:USB_LL_Host___Get_FIFO_Space_Available	24	static
../USB_LL_CORE/Src/USB_LL_Host.c:67:10:USB_LL_Host___Host_Get_Frame_Number	24	static
../USB_LL_CORE/Src/USB_LL_Host.c:77:10:USB_LL_Host___Channel_Get_Retries_Remaining	16	static
../USB_LL_CORE/Src/USB_LL_Host.c:82:6:USB_LL_Host___Channel_Set_Retries_Remaining	16	static
../USB_LL_CORE/Src/USB_LL_Host.c:87:9:USB_LL_Host___Channel_Get_Retry_After_Halt	16	static
../USB_LL_CORE/Src/USB_LL_Host.c:92:10:USB_LL_Host___Channel_Get_Transfer_Size	16	static
../USB_LL_CORE/Src/USB_LL_Host.c:97:6:USB_LL_Host___Channel_Set_Transfer_Size	16	static
../USB_LL_CORE/Src/USB_LL_Host.c:102:10:USB_LL_Host___Channel_Get_Transfer_Progress	16	static
../USB_LL_CORE/Src/USB_LL_Host.c:107:6:USB_LL_Host___Channel_Reset_Transfer_Progress	16	static
../USB_LL_CORE/Src/USB_LL_Host.c:113:6:USB_LL_Host___Channel_Reset_Buffer_Fill_Level	16	static
../USB_LL_CORE/Src/USB_LL_Host.c:118:10:USB_LL_Host___Channel_Get_Transfer_Size_Remaining	24	static
../USB_LL_CORE/Src/USB_LL_Host.c:126:10:USB_LL_Host___Channel_Get_Buffer_Pointer	16	static
../USB_LL_CORE/Src/USB_LL_Host.c:131:6:USB_LL_Host___Channel_Set_Buffer_Pointer	16	static
../USB_LL_CORE/Src/USB_LL_Host.c:136:10:USB_LL_Host___Channel_Get_Packet_Size	16	static
../USB_LL_CORE/Src/USB_LL_Host.c:141:9:USB_LL_Host___Channel_Get_Transfer_Direction	16	static
../USB_LL_CORE/Src/USB_LL_Host.c:146:6:USB_LL_Host___Flush_RX_FIFO	24	static
../USB_LL_CORE/Src/USB_LL_Host.c:153:8:USB_LL_Host___Channel_RX_POP	40	static
../USB_LL_CORE/Src/USB_LL_Host.c:173:11:USB_LL_Host___Channel_Get_Fifo_Pointer	24	static
../USB_LL_CORE/Src/USB_LL_Host.c:179:6:USB_LL_Host___Channel_Halt	24	static
../USB_LL_CORE/Src/USB_LL_Host.c:185:9:USB_LL_Host___Channel_Get_Current_Packet_ID	24	static
../USB_LL_CORE/Src/USB_LL_Host.c:191:6:USB_LL_Host___Channel_Set_Interrupts	24	static
../USB_LL_CORE/Src/USB_LL_Host.c:199:6:USB_LL_Host___Channel_Set_Characteristics	32	static
../USB_LL_CORE/Src/USB_LL_Host.c:233:6:USB_LL_Host___Channel_Setup_Buffer	24	static
../USB_LL_CORE/Src/USB_LL_Host.c:241:6:USB_LL_Host___Channel_Load_HCTSIZ	32	static
../USB_LL_CORE/Src/USB_LL_Host.c:247:6:USB_LL_Host___Transfer_Next_Packet	40	static
../USB_LL_CORE/Src/USB_LL_Host.c:257:6:USB_LL_Host___Channel_Begin_Transfer_In	24	static
../USB_LL_CORE/Src/USB_LL_Host.c:263:6:USB_LL_Host___Channel_Begin_Transfer_Out	24	static
../USB_LL_CORE/Src/USB_LL_Host.c:271:6:USB_LL_Host___Channel_Out_Packet_Acknowledged	32	static
../USB_LL_CORE/Src/USB_LL_Host.c:286:6:USB_LL_Host___Channel_In_Packet_Acknowledged	32	static
../USB_LL_CORE/Src/USB_LL_Host.c:301:6:USB_LL_Host___Channel_Set_Retry_After_Halt	16	static
../USB_LL_CORE/Src/USB_LL_Host.c:306:6:USB_LL_Host___Channel_Retry_Transfer_Out	16	static
../USB_LL_CORE/Src/USB_LL_Host.c:311:6:USB_LL_Host___Channel_Retry_Transfer_In	16	static
