Archive member included to satisfy reference by file (symbol)

C:/ST/STM32CubeIDE_1.13.2/STM32CubeIDE/plugins/com.st.stm32cube.ide.mcu.externaltools.gnu-tools-for-stm32.11.3.rel1.win32_1.1.1.202309131626/tools/bin/../lib/gcc/arm-none-eabi/11.3.1/../../../../arm-none-eabi/lib/thumb/v7e-m+fp/hard\libc_nano.a(libc_a-exit.o)
                              C:/ST/STM32CubeIDE_1.13.2/STM32CubeIDE/plugins/com.st.stm32cube.ide.mcu.externaltools.gnu-tools-for-stm32.11.3.rel1.win32_1.1.1.202309131626/tools/bin/../lib/gcc/arm-none-eabi/11.3.1/../../../../arm-none-eabi/lib/thumb/v7e-m+fp/hard/crt0.o (exit)
C:/ST/STM32CubeIDE_1.13.2/STM32CubeIDE/plugins/com.st.stm32cube.ide.mcu.externaltools.gnu-tools-for-stm32.11.3.rel1.win32_1.1.1.202309131626/tools/bin/../lib/gcc/arm-none-eabi/11.3.1/../../../../arm-none-eabi/lib/thumb/v7e-m+fp/hard\libc_nano.a(libc_a-findfp.o)
                              C:/ST/STM32CubeIDE_1.13.2/STM32CubeIDE/plugins/com.st.stm32cube.ide.mcu.externaltools.gnu-tools-for-stm32.11.3.rel1.win32_1.1.1.202309131626/tools/bin/../lib/gcc/arm-none-eabi/11.3.1/../../../../arm-none-eabi/lib/thumb/v7e-m+fp/hard\libc_nano.a(libc_a-exit.o) (__stdio_exit_handler)
C:/ST/STM32CubeIDE_1.13.2/STM32CubeIDE/plugins/com.st.stm32cube.ide.mcu.externaltools.gnu-tools-for-stm32.11.3.rel1.win32_1.1.1.202309131626/tools/bin/../lib/gcc/arm-none-eabi/11.3.1/../../../../arm-none-eabi/lib/thumb/v7e-m+fp/hard\libc_nano.a(libc_a-fwalk.o)
                              C:/ST/STM32CubeIDE_1.13.2/STM32CubeIDE/plugins/com.st.stm32cube.ide.mcu.externaltools.gnu-tools-for-stm32.11.3.rel1.win32_1.1.1.202309131626/tools/bin/../lib/gcc/arm-none-eabi/11.3.1/../../../../arm-none-eabi/lib/thumb/v7e-m+fp/hard\libc_nano.a(libc_a-findfp.o) (_fwalk_sglue)
C:/ST/STM32CubeIDE_1.13.2/STM32CubeIDE/plugins/com.st.stm32cube.ide.mcu.externaltools.gnu-tools-for-stm32.11.3.rel1.win32_1.1.1.202309131626/tools/bin/../lib/gcc/arm-none-eabi/11.3.1/../../../../arm-none-eabi/lib/thumb/v7e-m+fp/hard\libc_nano.a(libc_a-stdio.o)
                              C:/ST/STM32CubeIDE_1.13.2/STM32CubeIDE/plugins/com.st.stm32cube.ide.mcu.externaltools.gnu-tools-for-stm32.11.3.rel1.win32_1.1.1.202309131626/tools/bin/../lib/gcc/arm-none-eabi/11.3.1/../../../../arm-none-eabi/lib/thumb/v7e-m+fp/hard\libc_nano.a(libc_a-findfp.o) (__sread)
C:/ST/STM32CubeIDE_1.13.2/STM32CubeIDE/plugins/com.st.stm32cube.ide.mcu.externaltools.gnu-tools-for-stm32.11.3.rel1.win32_1.1.1.202309131626/tools/bin/../lib/gcc/arm-none-eabi/11.3.1/../../../../arm-none-eabi/lib/thumb/v7e-m+fp/hard\libc_nano.a(libc_a-memset.o)
                              C:/ST/STM32CubeIDE_1.13.2/STM32CubeIDE/plugins/com.st.stm32cube.ide.mcu.externaltools.gnu-tools-for-stm32.11.3.rel1.win32_1.1.1.202309131626/tools/bin/../lib/gcc/arm-none-eabi/11.3.1/../../../../arm-none-eabi/lib/thumb/v7e-m+fp/hard/crt0.o (memset)
C:/ST/STM32CubeIDE_1.13.2/STM32CubeIDE/plugins/com.st.stm32cube.ide.mcu.externaltools.gnu-tools-for-stm32.11.3.rel1.win32_1.1.1.202309131626/tools/bin/../lib/gcc/arm-none-eabi/11.3.1/../../../../arm-none-eabi/lib/thumb/v7e-m+fp/hard\libc_nano.a(libc_a-closer.o)
                              C:/ST/STM32CubeIDE_1.13.2/STM32CubeIDE/plugins/com.st.stm32cube.ide.mcu.externaltools.gnu-tools-for-stm32.11.3.rel1.win32_1.1.1.202309131626/tools/bin/../lib/gcc/arm-none-eabi/11.3.1/../../../../arm-none-eabi/lib/thumb/v7e-m+fp/hard\libc_nano.a(libc_a-stdio.o) (_close_r)
C:/ST/STM32CubeIDE_1.13.2/STM32CubeIDE/plugins/com.st.stm32cube.ide.mcu.externaltools.gnu-tools-for-stm32.11.3.rel1.win32_1.1.1.202309131626/tools/bin/../lib/gcc/arm-none-eabi/11.3.1/../../../../arm-none-eabi/lib/thumb/v7e-m+fp/hard\libc_nano.a(libc_a-reent.o)
                              C:/ST/STM32CubeIDE_1.13.2/STM32CubeIDE/plugins/com.st.stm32cube.ide.mcu.externaltools.gnu-tools-for-stm32.11.3.rel1.win32_1.1.1.202309131626/tools/bin/../lib/gcc/arm-none-eabi/11.3.1/../../../../arm-none-eabi/lib/thumb/v7e-m+fp/hard\libc_nano.a(libc_a-closer.o) (errno)
C:/ST/STM32CubeIDE_1.13.2/STM32CubeIDE/plugins/com.st.stm32cube.ide.mcu.externaltools.gnu-tools-for-stm32.11.3.rel1.win32_1.1.1.202309131626/tools/bin/../lib/gcc/arm-none-eabi/11.3.1/../../../../arm-none-eabi/lib/thumb/v7e-m+fp/hard\libc_nano.a(libc_a-impure.o)
                              C:/ST/STM32CubeIDE_1.13.2/STM32CubeIDE/plugins/com.st.stm32cube.ide.mcu.externaltools.gnu-tools-for-stm32.11.3.rel1.win32_1.1.1.202309131626/tools/bin/../lib/gcc/arm-none-eabi/11.3.1/../../../../arm-none-eabi/lib/thumb/v7e-m+fp/hard\libc_nano.a(libc_a-reent.o) (_impure_ptr)
C:/ST/STM32CubeIDE_1.13.2/STM32CubeIDE/plugins/com.st.stm32cube.ide.mcu.externaltools.gnu-tools-for-stm32.11.3.rel1.win32_1.1.1.202309131626/tools/bin/../lib/gcc/arm-none-eabi/11.3.1/../../../../arm-none-eabi/lib/thumb/v7e-m+fp/hard\libc_nano.a(libc_a-lseekr.o)
[...]
Memory Configuration

Name             Origin             Length             Attributes
CCMRAM           0x0000000010000000 0x0000000000010000 xrw
RAM              0x0000000020000000 0x0000000000020000 xrw
FLASH            0x0000000008000000 0x0000000000080000 xr
*default*        0x0000000000000000 0xffffffffffffffff

Linker script and memory map

LOAD C:/ST/STM32CubeIDE_1.13.2/STM32CubeIDE/plugins/com.st.stm32cube.ide.mcu.externaltools.gnu-tools-for-stm32.11.3.rel1.win32_1.1.1.202309131626/tools/bin/../lib/gcc/arm-none-eabi/11.3.1/thumb/v7e-m+fp/hard/crti.o
LOAD C:/ST/STM32CubeIDE_1.13.2/STM32CubeIDE/plugins/com.st.stm32cube.ide.mcu.externaltools.gnu-tools-for-stm32.11.3.rel1.win32_1.1.1.202309131626/tools/bin/../lib/gcc/arm-none-eabi/11.3.1/thumb/v7e-m+fp/hard/crtbegin.o
LOAD C:/ST/STM32CubeIDE_1.13.2/STM32CubeIDE/plugins/com.st.stm32cube.ide.mcu.externaltools.gnu-tools-for-stm32.11.3.rel1.win32_1.1.1.202309131626/tools/bin/../lib/gcc/arm-none-eabi/11.3.1/../../../../arm-none-eabi/lib/thumb/v7e-m+fp/hard/crt0.o
LOAD ./Drivers/Skipper Drivers/Src/Skipper_Clock.o
LOAD ./Src/main.o
LOAD ./Src/syscalls.o
LOAD ./Src/sysmem.o
LOAD ./Src/system_stm32f4xx.o
LOAD ./Startup/startup_stm32f407zetx.o
LOAD ./USB_CDC_DEVICE/Core/Src/USB_CDC_Device.o
LOAD ./USB_HOST/Core/Src/USB_Host.o
LOAD ./USB_HOST/Core/Src/USB_Host_Device_Manager.o
LOAD ./USB_HOST/Core/Src/USB_Host_Enumerate.o
LOAD ./USB_HOST/Core/Src/USB_Host_Hub.o
LOAD ./USB_HOST/Core/Src/USB_Host_Pipes.o
LOAD ./USB_HOST/Core/Src/USB_Host_Transfers.o
LOAD ./USB_LL_CORE/Src/USB_LL_Device.o
LOAD ./USB_LL_CORE/Src/USB_LL_Hardware.o
LOAD ./USB_LL_CORE/Src/USB_LL_Host.o
LOAD ./USB_LL_CORE/Src/USB_LL_Interrupts.o
LOAD ./USB_LL_CORE/Src/USB_LL_Interrupts_Device.o
LOAD ./USB_LL_CORE/Src/USB_LL_Interrupts_Host.o
START GROUP
LOAD C:/ST/STM32CubeIDE_1.13.2/STM32CubeIDE/plugins/com.st.stm32cube.ide.mcu.externaltools.gnu-tools-for-stm32.11.3.rel1.win32_1.1.1.202309131626/tools/bin/../lib/gcc/arm-none-eabi/11.3.1/../../../../arm-none-eabi/lib/thumb/v7e-m+fp/hard\libstdc++_nano.a
LOAD C:/ST/STM32CubeIDE_1.13.2/STM32CubeIDE/plugins/com.st.stm32cube.ide.mcu.externaltools.gnu-tools-for-stm32.11.3.rel1.win32_1.1.1.202309131626/tools/bin/../lib/gcc/arm-none-eabi/11.3.1/../../../../arm-none-eabi/lib/thumb/v7e-m+fp/hard\libsupc++_nano.a
END GROUP
LOAD C:/ST/STM32CubeIDE_1.13.2/STM32CubeIDE/plugins/com.st.stm32cube.ide.mcu.externaltools.gnu-tools-for-stm32.11.3.rel1.win32_1.1.1.202309131626/tools/bin/../lib/gcc/arm-none-eabi/11.3.1/../../../../arm-none-eabi/lib/thumb/v7e-m+fp/hard\libstdc++_nano.a
LOAD C:/ST/STM32CubeIDE_1.13.2/STM32CubeIDE/plugins/com.st.stm32cube.ide.mcu.externaltools.gnu-tools-for-stm32.11.3.rel1.win32_1.1.1.202309131626/tools/bin/../lib/gcc/arm-none-eabi/11.3.1/../../../../arm-none-eabi/lib/thumb/v7e-m+fp/hard\libm.a
LOAD C:/ST/STM32CubeIDE_1.13.2/STM32CubeIDE/plugins/com.st.stm32cube.ide.mcu.externaltools.gnu-tools-for-stm32.11.3.rel1.win32_1.1.1.202309131626/tools/bin/../lib/gcc/arm-none-eabi/11.3.1/../../../../arm-none-eabi/lib/thumb/v7e-m+fp/hard\libc_nano.a
START GROUP
LOAD C:/ST/STM32CubeIDE_1.13.2/STM32CubeIDE/plugins/com.st.stm32cube.ide.mcu.externaltools.gnu-tools-for-stm32.11.3.rel1.win32_1.1.1.202309131626/tools/bin/../lib/gcc/arm-none-eabi/11.3.1/thumb/v7e-m+fp/hard\libgcc.a
LOAD C:/ST/STM32CubeIDE_1.13.2/STM32CubeIDE/plugins/com.st.stm32cube.ide.mcu.externaltools.gnu-tools-for-stm32.11.3.rel1.win32_1.1.1.202309131626/tools/bin/../lib/gcc/arm-none-eabi/11.3.1/../../../../arm-none-eabi/lib/thumb/v7e-m+fp/hard\libc_nano.a
END GROUP
START GROUP
LOAD C:/ST/STM32CubeIDE_1.13.2/STM32CubeIDE/plugins/com.st.stm32cube.ide.mcu.externaltools.gnu-tools-for-stm32.11.3.rel1.win32_1.1.1.202309131626/tools/bin/../lib/gcc/arm-none-eabi/11.3.1/thumb/v7e-m+fp/hard\libgcc.a
LOAD C:/ST/STM32CubeIDE_1.13.2/STM32CubeIDE/plugins/com.st.stm32cube.ide.mcu.externaltools.gnu-tools-for-stm32.11.3.rel1.win32_1.1.1.202309131626/tools/bin/../lib/gcc/arm-none-eabi/11.3.1/../../../../arm-none-eabi/lib/thumb/v7e-m+fp/hard\libc_nano.a
LOAD C:/ST/STM32CubeIDE_1.13.2/STM32CubeIDE/plugins/com.st.stm32cube.ide.mcu.externaltools.gnu-tools-for-stm32.11.3.rel1.win32_1.1.1.202309131626/tools/bin/../lib/gcc/arm-none-eabi/11.3.1/../../../../arm-none-eabi/lib/thumb/v7e-m+fp/hard\libnosys.a
END GROUP
START GROUP
LOAD C:/ST/STM32CubeIDE_1.13.2/STM32CubeIDE/plugins/com.st.stm32cube.ide.mcu.externaltools.gnu-tools-for-stm32.11.3.rel1.win32_1.1.1.202309131626/tools/bin/../lib/gcc/arm-none-eabi/11.3.1/thumb/v7e-m+fp/hard\libgcc.a
LOAD C:/ST/STM32CubeIDE_1.13.2/STM32CubeIDE/plugins/com.st.stm32cube.ide.mcu.externaltools.gnu-tools-for-stm32.11.3.rel1.win32_1.1.1.202309131626/tools/bin/../lib/gcc/arm-none-eabi/11.3.1/../../../../arm-none-eabi/lib/thumb/v7e-m+fp/hard\libc_nano.a
LOAD C:/ST/STM32CubeIDE_1.13.2/STM32CubeIDE/plugins/com.st.stm32cube.ide.mcu.externaltools.gnu-tools-for-stm32.11.3.rel1.win32_1.1.1.202309131626/tools/bin/../lib/gcc/arm-none-eabi/11.3.1/../../../../arm-none-eabi/lib/thumb/v7e-m+fp/hard\libnosys.a
END GROUP
LOAD C:/ST/STM32CubeIDE_1.13.2/STM32CubeIDE/plugins/com.st.stm32cube.ide.mcu.externaltools.gnu-tools-for-stm32.11.3.rel1.win32_1.1.1.202309131626/tools/bin/../lib/gcc/arm-none-eabi/11.3.1/thumb/v7e-m+fp/hard/crtend.o
LOAD C:/ST/STM32CubeIDE_1.13.2/STM32CubeIDE/plugins/com.st.stm32cube.ide.mcu.externaltools.gnu-tools-for-stm32.11.3.rel1.win32_1.1.1.202309131626/tools/bin/../lib/gcc/arm-none-eabi/11.3.1/thumb/v7e-m+fp/hard/crtn.o
                0x0000000020020000                _estack = (ORIGIN (RAM) + LENGTH (RAM))
                0x0000000000000200                _Min_Heap_Size = 0x200
                0x0000000000000400                _Min_Stack_Size = 0x400

.isr_vector     0x0000000008000000      0x1a8
                0x0000000008000000                . = ALIGN (0x4)
 *(.isr_vector)
 .isr_vector    0x0000000008000000      0x1a8 ./Startup/startup_stm32f407zetx.o
                0x0000000008000000                g_pfnVectors
                0x00000000080001a8                . = ALIGN (0x4)

.text           0x00000000080001a8     0x21ac
                0x00000000080001a8                . = ALIGN (0x4)
 *(.text)
 .text          0x00000000080001a8       0x40 C:/ST/STM32CubeIDE_1.13.2/STM32CubeIDE/plugins/com.st.stm32cube.ide.mcu.externaltools.gnu-tools-for-stm32.11.3.rel1.win32_1.1.1.202309131626/tools/bin/../lib/gcc/arm-none-eabi/11.3.1/thumb/v7e-m+fp/hard/crtbegin.o
 .text          0x00000000080001e8       0x30 C:/ST/STM32CubeIDE_1.13.2/STM32CubeIDE/plugins/com.st.stm32cube.ide.mcu.externaltools.gnu-tools-for-stm32.11.3.rel1.win32_1.1.1.202309131626/tools/bin/../lib/gcc/arm-none-eabi/11.3.1/thumb/v7e-m+fp/hard\libgcc.a(_aeabi_uldivmod.o)
                0x00000000080001e8                __aeabi_uldivmod
 .text          0x0000000008000218      0x2c8 C:/ST/STM32CubeIDE_1.13.2/STM32CubeIDE/plugins/com.st.stm32cube.ide.mcu.externaltools.gnu-tools-for-stm32.11.3.rel1.win32_1.1.1.202309131626/tools/bin/../lib/gcc/arm-none-eabi/11.3.1/thumb/v7e-m+fp/hard\libgcc.a(_udivmoddi4.o)
                0x0000000008000218                __udivmoddi4
 .text          0x00000000080004e0        0x4 C:/ST/STM32CubeIDE_1.13.2/STM32CubeIDE/plugins/com.st.stm32cube.ide.mcu.externaltools.gnu-tools-for-stm32.11.3.rel1.win32_1.1.1.202309131626/tools/bin/../lib/gcc/arm-none-eabi/11.3.1/thumb/v7e-m+fp/hard\libgcc.a(_dvmd_tls.o)
                0x00000000080004e0                __aeabi_idiv0
                0x00000000080004e0                __aeabi_ldiv0
 *(.text*)
 .text.Skipper_Clock___Get_RCC_CFGR_APB_Value_From_Prescaler_Value
                0x00000000080004e4       0x88 ./Drivers/Skipper Drivers/Src/Skipper_Clock.o
                0x00000000080004e4                Skipper_Clock___Get_RCC_CFGR_APB_Value_From_Prescaler_Value
 .text.Skipper_Clock___Get_RCC_CFGR_AHB_Value_From_Prescaler_Value
                0x000000000800056c       0xd0 ./Drivers/Skipper Drivers/Src/Skipper_Clock.o
                0x000000000800056c                Skipper_Clock___Get_RCC_CFGR_AHB_Value_From_Prescaler_Value
 .text.Skipper_Clock___Turn_On_HSE
                0x000000000800063c       0x30 ./Drivers/Skipper Drivers/Src/Skipper_Clock.o
                0x000000000800063c                Skipper_Clock___Turn_On_HSE
 .text.Skipper_Clock___Turn_On_PLL
                0x000000000800066c       0x30 ./Drivers/Skipper Drivers/Src/Skipper_Clock.o
                0x000000000800066c                Skipper_Clock___Turn_On_PLL
 .text.Skipper_Clock___Turn_Off_HSI
                0x000000000800069c       0x30 ./Drivers/Skipper Drivers/Src/Skipper_Clock.o
                0x000000000800069c                Skipper_Clock___Turn_Off_HSI
 .text.Skipper_Clock___Set_MUX_Source
                0x00000000080006cc       0x74 ./Drivers/Skipper Drivers/Src/Skipper_Clock.o
                0x00000000080006cc                Skipper_Clock___Set_MUX_Source
 .text.Skipper_Clock___Init
                0x0000000008000740       0xa8 ./Drivers/Skipper Drivers/Src/Skipper_Clock.o
                0x0000000008000740                Skipper_Clock___Init
 .text.Skipper_Clock___Systick_Init
                0x00000000080007e8       0x54 ./Drivers/Skipper Drivers/Src/Skipper_Clock.o
                0x00000000080007e8                Skipper_Clock___Systick_Init
 .text.Skipper_Clock___Micros
                0x000000000800083c       0xdc ./Drivers/Skipper Drivers/Src/Skipper_Clock.o
                0x000000000800083c                Skipper_Clock___Micros
 .text.Skipper_Clock___Delay_ms
                0x0000000008000918       0xa4 ./Drivers/Skipper Drivers/Src/Skipper_Clock.o
                0x0000000008000918                Skipper_Clock___Delay_ms
 .text.SysTick_Handler
                0x00000000080009bc       0x28 ./Drivers/Skipper Drivers/Src/Skipper_Clock.o
                0x00000000080009bc                SysTick_Handler
 .text.GPIO_init
                0x00000000080009e4       0xd4 ./Src/main.o
                0x00000000080009e4                GPIO_init
 .text.main     0x0000000008000ab8       0x18 ./Src/main.o
                0x0000000008000ab8                main
 .text.SystemInit
                0x0000000008000ad0       0x24 ./Src/system_stm32f4xx.o
                0x0000000008000ad0                SystemInit
 .text.SystemCoreClockUpdate
                0x0000000008000af4       0xfc ./Src/system_stm32f4xx.o
                0x0000000008000af4                SystemCoreClockUpdate
 .text.Reset_Handler
                0x0000000008000bf0       0x50 ./Startup/startup_stm32f407zetx.o
                0x0000000008000bf0                Reset_Handler
 .text.Default_Handler
                0x0000000008000c40        0x2 ./Startup/startup_stm32f407zetx.o
                0x0000000008000c40                RTC_Alarm_IRQHandler
                0x0000000008000c40                HASH_RNG_IRQHandler
                0x0000000008000c40                EXTI2_IRQHandler
                0x0000000008000c40                TIM8_CC_IRQHandler
                0x0000000008000c40                DebugMon_Handler
                0x0000000008000c40                TIM1_CC_IRQHandler
                0x0000000008000c40                DMA2_Stream5_IRQHandler
                0x0000000008000c40                HardFault_Handler
                0x0000000008000c40                DMA1_Stream5_IRQHandler
                0x0000000008000c40                PVD_IRQHandler
                0x0000000008000c40                SDIO_IRQHandler
                0x0000000008000c40                TAMP_STAMP_IRQHandler
                0x0000000008000c40                PendSV_Handler
                0x0000000008000c40                NMI_Handler
                0x0000000008000c40                CAN2_RX1_IRQHandler
                0x0000000008000c40                EXTI3_IRQHandler
                0x0000000008000c40                TIM8_TRG_COM_TIM14_IRQHandler
                0x0000000008000c40                TIM1_UP_TIM10_IRQHandler
                0x0000000008000c40                TIM8_UP_TIM13_IRQHandler
                0x0000000008000c40                I2C3_ER_IRQHandler
                0x0000000008000c40                LCD_TFT_IRQHandler
                0x0000000008000c40                EXTI0_IRQHandler
                0x0000000008000c40                I2C2_EV_IRQHandler
                0x0000000008000c40                DMA1_Stream2_IRQHandler
                0x0000000008000c40                CAN1_RX0_IRQHandler
                0x0000000008000c40                FPU_IRQHandler
                0x0000000008000c40                OTG_HS_WKUP_IRQHandler
                0x0000000008000c40                UsageFault_Handler
                0x0000000008000c40                CAN2_SCE_IRQHandler
                0x0000000008000c40                DMA2_Stream2_IRQHandler
                0x0000000008000c40                SPI1_IRQHandler
                0x0000000008000c40                TIM6_DAC_IRQHandler
                0x0000000008000c40                TIM1_BRK_TIM9_IRQHandler
                0x0000000008000c40                DCMI_IRQHandler
                0x0000000008000c40                CAN2_RX0_IRQHandler
                0x0000000008000c40                DMA2_Stream3_IRQHandler
                0x0000000008000c40                USART6_IRQHandler
                0x0000000008000c40                USART3_IRQHandler
                0x0000000008000c40                CRYP_IRQHandler
                0x0000000008000c40                CAN1_RX1_IRQHandler
                0x0000000008000c40                UART5_IRQHandler
                0x0000000008000c40                DMA2_Stream0_IRQHandler
                0x0000000008000c40                TIM4_IRQHandler
                0x0000000008000c40                I2C1_EV_IRQHandler
                0x0000000008000c40                DMA1_Stream6_IRQHandler
                0x0000000008000c40                DMA1_Stream1_IRQHandler
                0x0000000008000c40                UART4_IRQHandler
                0x0000000008000c40                LCD_TFT_1_IRQHandler
                0x0000000008000c40                TIM3_IRQHandler
                0x0000000008000c40                RCC_IRQHandler
                0x0000000008000c40                TIM8_BRK_TIM12_IRQHandler
                0x0000000008000c40                Default_Handler
                0x0000000008000c40                EXTI15_10_IRQHandler
                0x0000000008000c40                ADC_IRQHandler
                0x0000000008000c40                DMA1_Stream7_IRQHandler
                0x0000000008000c40                TIM7_IRQHandler
                0x0000000008000c40                CAN2_TX_IRQHandler
                0x0000000008000c40                TIM5_IRQHandler
                0x0000000008000c40                DMA2_Stream7_IRQHandler
                0x0000000008000c40                I2C3_EV_IRQHandler
                0x0000000008000c40                EXTI9_5_IRQHandler
                0x0000000008000c40                RTC_WKUP_IRQHandler
                0x0000000008000c40                ETH_WKUP_IRQHandler
                0x0000000008000c40                SPI2_IRQHandler
                0x0000000008000c40                OTG_HS_EP1_IN_IRQHandler
                0x0000000008000c40                MemManage_Handler
                0x0000000008000c40                DMA1_Stream0_IRQHandler
                0x0000000008000c40                CAN1_TX_IRQHandler
                0x0000000008000c40                SVC_Handler
                0x0000000008000c40                EXTI4_IRQHandler
                0x0000000008000c40                FSMC_IRQHandler
                0x0000000008000c40                ETH_IRQHandler
                0x0000000008000c40                OTG_HS_EP1_OUT_IRQHandler
                0x0000000008000c40                WWDG_IRQHandler
                0x0000000008000c40                TIM2_IRQHandler
                0x0000000008000c40                OTG_FS_WKUP_IRQHandler
                0x0000000008000c40                TIM1_TRG_COM_TIM11_IRQHandler
                0x0000000008000c40                EXTI1_IRQHandler
                0x0000000008000c40                USART2_IRQHandler
                0x0000000008000c40                I2C2_ER_IRQHandler
                0x0000000008000c40                DMA2_Stream1_IRQHandler
                0x0000000008000c40                CAN1_SCE_IRQHandler
                0x0000000008000c40                DMA2_Stream4_IRQHandler
                0x0000000008000c40                BusFault_Handler
                0x0000000008000c40                USART1_IRQHandler
                0x0000000008000c40                SPI3_IRQHandler
                0x0000000008000c40                DMA1_Stream4_IRQHandler
                0x0000000008000c40                I2C1_ER_IRQHandler
                0x0000000008000c40                DMA2_Stream6_IRQHandler
                0x0000000008000c40                DMA1_Stream3_IRQHandler
 *fill*         0x0000000008000c42        0x2 
 .text.USB_CDC_Device___Init
                0x0000000008000c44       0x64 ./USB_CDC_DEVICE/Core/Src/USB_CDC_Device.o
                0x0000000008000c44                USB_CDC_Device___Init
 .text.USB_CDC_Device___RX_Callback
                0x0000000008000ca8       0x1c ./USB_CDC_DEVICE/Core/Src/USB_CDC_Device.o
                0x0000000008000ca8                USB_CDC_Device___RX_Callback
 .text.USB_LL_Device___Set_FIFO_Size
                0x0000000008000cc4       0xd6 ./USB_LL_CORE/Src/USB_LL_Device.o
                0x0000000008000cc4                USB_LL_Device___Set_FIFO_Size
 *fill*         0x0000000008000d9a        0x2 
 .text.__NVIC_EnableIRQ
                0x0000000008000d9c       0x3c ./USB_LL_CORE/Src/USB_LL_Hardware.o
 .text.__NVIC_SetPriority
                0x0000000008000dd8       0x54 ./USB_LL_CORE/Src/USB_LL_Hardware.o
 .text.USB_LL_Hardware___Get_USB_BASE
                0x0000000008000e2c       0x34 ./USB_LL_CORE/Src/USB_LL_Hardware.o
                0x0000000008000e2c                USB_LL_Hardware___Get_USB_BASE
 .text.USB_LL_Hardware___Get_USB
                0x0000000008000e60       0x1c ./USB_LL_CORE/Src/USB_LL_Hardware.o
                0x0000000008000e60                USB_LL_Hardware___Get_USB
 .text.USB_LL_Hardware___Get_USB_Device
                0x0000000008000e7c       0x20 ./USB_LL_CORE/Src/USB_LL_Hardware.o
                0x0000000008000e7c                USB_LL_Hardware___Get_USB_Device
 .text.USB_LL_Hardware___Get_USB_Host
                0x0000000008000e9c       0x20 ./USB_LL_CORE/Src/USB_LL_Hardware.o
                0x0000000008000e9c                USB_LL_Hardware___Get_USB_Host
 .text.USB_LL_Hardware___Get_USB_Host_Port
                0x0000000008000ebc       0x20 ./USB_LL_CORE/Src/USB_LL_Hardware.o
                0x0000000008000ebc                USB_LL_Hardware___Get_USB_Host_Port
 .text.USB_LL_Hardware___Get_USB_Host_Channel
                0x0000000008000edc       0x2c ./USB_LL_CORE/Src/USB_LL_Hardware.o
                0x0000000008000edc                USB_LL_Hardware___Get_USB_Host_Channel
 .text.USB_LL_Hardware___Get_USB_Device_OUT
                0x0000000008000f08       0x2c ./USB_LL_CORE/Src/USB_LL_Hardware.o
                0x0000000008000f08                USB_LL_Hardware___Get_USB_Device_OUT
 .text.USB_LL_Hardware___GPIO_Init
                0x0000000008000f34       0xa8 ./USB_LL_CORE/Src/USB_LL_Hardware.o
                0x0000000008000f34                USB_LL_Hardware___GPIO_Init
 .text.USB_LL_Hardware___Init
                0x0000000008000fdc      0x194 ./USB_LL_CORE/Src/USB_LL_Hardware.o
                0x0000000008000fdc                USB_LL_Hardware___Init
 .text.USB_LL_Hardware___FIFO_Transfer_In
                0x0000000008001170       0x9e ./USB_LL_CORE/Src/USB_LL_Hardware.o
                0x0000000008001170                USB_LL_Hardware___FIFO_Transfer_In
 .text.USB_LL_Hardware___FIFO_Transfer_Out
                0x000000000800120e       0xa0 ./USB_LL_CORE/Src/USB_LL_Hardware.o
                0x000000000800120e                USB_LL_Hardware___FIFO_Transfer_Out
 .text.USB_LL_Host___Reset_Port
                0x00000000080012ae       0x44 ./USB_LL_CORE/Src/USB_LL_Host.o
                0x00000000080012ae                USB_LL_Host___Reset_Port
 *fill*         0x00000000080012f2        0x2 
 .text.USB_LL_Host___Channel_Get_Retries_Remaining
                0x00000000080012f4       0x40 ./USB_LL_CORE/Src/USB_LL_Host.o
                0x00000000080012f4                USB_LL_Host___Channel_Get_Retries_Remaining
 .text.USB_LL_Host___Channel_Set_Retries_Remaining
                0x0000000008001334       0x44 ./USB_LL_CORE/Src/USB_LL_Host.o
                0x0000000008001334                USB_LL_Host___Channel_Set_Retries_Remaining
 .text.USB_LL_Host___Channel_Get_Retry_After_Halt
                0x0000000008001378       0x40 ./USB_LL_CORE/Src/USB_LL_Host.o
                0x0000000008001378                USB_LL_Host___Channel_Get_Retry_After_Halt
 .text.USB_LL_Host___Channel_Get_Transfer_Size
                0x00000000080013b8       0x40 ./USB_LL_CORE/Src/USB_LL_Host.o
                0x00000000080013b8                USB_LL_Host___Channel_Get_Transfer_Size
 .text.USB_LL_Host___Channel_Get_Transfer_Progress
                0x00000000080013f8       0x40 ./USB_LL_CORE/Src/USB_LL_Host.o
                0x00000000080013f8                USB_LL_Host___Channel_Get_Transfer_Progress
 .text.USB_LL_Host___Channel_Get_Buffer_Pointer
                0x0000000008001438       0x40 ./USB_LL_CORE/Src/USB_LL_Host.o
                0x0000000008001438                USB_LL_Host___Channel_Get_Buffer_Pointer
 .text.USB_LL_Host___Channel_Get_Packet_Size
                0x0000000008001478       0x40 ./USB_LL_CORE/Src/USB_LL_Host.o
                0x0000000008001478                USB_LL_Host___Channel_Get_Packet_Size
 .text.USB_LL_Host___Channel_Get_Transfer_Direction
                0x00000000080014b8       0x40 ./USB_LL_CORE/Src/USB_LL_Host.o
                0x00000000080014b8                USB_LL_Host___Channel_Get_Transfer_Direction
 .text.USB_LL_Host___Channel_RX_POP
                0x00000000080014f8      0x120 ./USB_LL_CORE/Src/USB_LL_Host.o
                0x00000000080014f8                USB_LL_Host___Channel_RX_POP
 .text.USB_LL_Host___Channel_Get_Fifo_Pointer
                0x0000000008001618       0x2e ./USB_LL_CORE/Src/USB_LL_Host.o
                0x0000000008001618                USB_LL_Host___Channel_Get_Fifo_Pointer
 .text.USB_LL_Host___Channel_Halt
                0x0000000008001646       0x32 ./USB_LL_CORE/Src/USB_LL_Host.o
                0x0000000008001646                USB_LL_Host___Channel_Halt
 .text.USB_LL_Host___Transfer_Next_Packet
                0x0000000008001678       0x8c ./USB_LL_CORE/Src/USB_LL_Host.o
                0x0000000008001678                USB_LL_Host___Transfer_Next_Packet
 .text.USB_LL_Host___Channel_Begin_Transfer_In
                0x0000000008001704       0x32 ./USB_LL_CORE/Src/USB_LL_Host.o
                0x0000000008001704                USB_LL_Host___Channel_Begin_Transfer_In
 .text.USB_LL_Host___Channel_Begin_Transfer_Out
                0x0000000008001736       0x3e ./USB_LL_CORE/Src/USB_LL_Host.o
                0x0000000008001736                USB_LL_Host___Channel_Begin_Transfer_Out
 .text.USB_LL_Host___Channel_Out_Packet_Acknowledged
                0x0000000008001774       0xf4 ./USB_LL_CORE/Src/USB_LL_Host.o
                0x0000000008001774                USB_LL_Host___Channel_Out_Packet_Acknowledged
 .text.USB_LL_Host___Channel_In_Packet_Acknowledged
                0x0000000008001868       0xf4 ./USB_LL_CORE/Src/USB_LL_Host.o
                0x0000000008001868                USB_LL_Host___Channel_In_Packet_Acknowledged
 .text.USB_LL_Host___Channel_Set_Retry_After_Halt
                0x000000000800195c       0x44 ./USB_LL_CORE/Src/USB_LL_Host.o
                0x000000000800195c                USB_LL_Host___Channel_Set_Retry_After_Halt
 .text.USB_LL_Host___Channel_Retry_Transfer_Out
                0x00000000080019a0       0x24 ./USB_LL_CORE/Src/USB_LL_Host.o
                0x00000000080019a0                USB_LL_Host___Channel_Retry_Transfer_Out
 .text.USB_LL_Host___Channel_Retry_Transfer_In
                0x00000000080019c4       0x24 ./USB_LL_CORE/Src/USB_LL_Host.o
                0x00000000080019c4                USB_LL_Host___Channel_Retry_Transfer_In
 .text.USB_LL_Interrupts___Start_Of_Frame_Reveived
                0x00000000080019e8       0x1a ./USB_LL_CORE/Src/USB_LL_Interrupts.o
                0x00000000080019e8                USB_LL_Interrupts___Start_Of_Frame_Reveived
 *fill*         0x0000000008001a02        0x2 
 .text.USB_LL_Interrupts___Interrupt_Handler
                0x0000000008001a04      0x198 ./USB_LL_CORE/Src/USB_LL_Interrupts.o
                0x0000000008001a04                USB_LL_Interrupts___Interrupt_Handler
 .text.OTG_FS_IRQHandler
                0x0000000008001b9c        0xe ./USB_LL_CORE/Src/USB_LL_Interrupts.o
                0x0000000008001b9c                OTG_FS_IRQHandler
 .text.OTG_HS_IRQHandler
                0x0000000008001baa        0xe ./USB_LL_CORE/Src/USB_LL_Interrupts.o
                0x0000000008001baa                OTG_HS_IRQHandler
 .text.USB_LL_Interrupts_Device___Set_RX_Callback
                0x0000000008001bb8       0x18 ./USB_LL_CORE/Src/USB_LL_Interrupts_Device.o
                0x0000000008001bb8                USB_LL_Interrupts_Device___Set_RX_Callback
 .text.USB_LL_Interrupts_Device___Packet_Received
                0x0000000008001bd0       0x54 ./USB_LL_CORE/Src/USB_LL_Interrupts_Device.o
                0x0000000008001bd0                USB_LL_Interrupts_Device___Packet_Received
 .text.USB_LL_Interrupts_Device___Host_Connected
                0x0000000008001c24       0x1a ./USB_LL_CORE/Src/USB_LL_Interrupts_Device.o
                0x0000000008001c24                USB_LL_Interrupts_Device___Host_Connected
 *fill*         0x0000000008001c3e        0x2 
 .text.USB_LL_Interrupts_Host___Set_Channel_Status_Change_Flag
                0x0000000008001c40       0x50 ./USB_LL_CORE/Src/USB_LL_Interrupts_Host.o
                0x0000000008001c40                USB_LL_Interrupts_Host___Set_Channel_Status_Change_Flag
 .text.USB_LL_Interrupts_Host___Packet_Received
                0x0000000008001c90       0x7e ./USB_LL_CORE/Src/USB_LL_Interrupts_Host.o
                0x0000000008001c90                USB_LL_Interrupts_Host___Packet_Received
 *fill*         0x0000000008001d0e        0x2 
 .text.USB_LL_Interrupts_Host___Device_Connect_Detected
                0x0000000008001d10       0xcc ./USB_LL_CORE/Src/USB_LL_Interrupts_Host.o
                0x0000000008001d10                USB_LL_Interrupts_Host___Device_Connect_Detected
 .text.USB_LL_Interrupts_Host___Device_Disconnect_Detected
                0x0000000008001ddc       0x50 ./USB_LL_CORE/Src/USB_LL_Interrupts_Host.o
                0x0000000008001ddc                USB_LL_Interrupts_Host___Device_Disconnect_Detected
 .text.USB_LL_Interrupts_Host___Start_Of_Frame_Interrupt_Received
                0x0000000008001e2c       0x2c ./USB_LL_CORE/Src/USB_LL_Interrupts_Host.o
                0x0000000008001e2c                USB_LL_Interrupts_Host___Start_Of_Frame_Interrupt_Received
 .text.USB_LL_Interrupts_Host___Port_Interrupt_Handler
                0x0000000008001e58       0x96 ./USB_LL_CORE/Src/USB_LL_Interrupts_Host.o
                0x0000000008001e58                USB_LL_Interrupts_Host___Port_Interrupt_Handler
 *fill*         0x0000000008001eee        0x2 
 .text.USB_LL_Interrupts_Host___Channel_Interrupt_Handler
                0x0000000008001ef0      0x404 ./USB_LL_CORE/Src/USB_LL_Interrupts_Host.o
                0x0000000008001ef0                USB_LL_Interrupts_Host___Channel_Interrupt_Handler
 .text.__libc_init_array
                0x00000000080022f4       0x48 C:/ST/STM32CubeIDE_1.13.2/STM32CubeIDE/plugins/com.st.stm32cube.ide.mcu.externaltools.gnu-tools-for-stm32.11.3.rel1.win32_1.1.1.202309131626/tools/bin/../lib/gcc/arm-none-eabi/11.3.1/../../../../arm-none-eabi/lib/thumb/v7e-m+fp/hard\libc_nano.a(libc_a-init.o)
                0x00000000080022f4                __libc_init_array
 *(.glue_7)
 .glue_7        0x000000000800233c        0x0 linker stubs
 *(.glue_7t)
 .glue_7t       0x000000000800233c        0x0 linker stubs
 *(.eh_frame)
 .eh_frame      0x000000000800233c        0x0 C:/ST/STM32CubeIDE_1.13.2/STM32CubeIDE/plugins/com.st.stm32cube.ide.mcu.externaltools.gnu-tools-for-stm32.11.3.rel1.win32_1.1.1.202309131626/tools/bin/../lib/gcc/arm-none-eabi/11.3.1/thumb/v7e-m+fp/hard/crtbegin.o
 *(.init)
 .init          0x000000000800233c        0x4 C:/ST/STM32CubeIDE_1.13.2/STM32CubeIDE/plugins/com.st.stm32cube.ide.mcu.externaltools.gnu-tools-for-stm32.11.3.rel1.win32_1.1.1.202309131626/tools/bin/../lib/gcc/arm-none-eabi/11.3.1/thumb/v7e-m+fp/hard/crti.o
                0x000000000800233c                _init
 .init          0x0000000008002340        0x8 C:/ST/STM32CubeIDE_1.13.2/STM32CubeIDE/plugins/com.st.stm32cube.ide.mcu.externaltools.gnu-tools-for-stm32.11.3.rel1.win32_1.1.1.202309131626/tools/bin/../lib/gcc/arm-none-eabi/11.3.1/thumb/v7e-m+fp/hard/crtn.o
 *(.fini)
 .fini          0x0000000008002348        0x4 C:/ST/STM32CubeIDE_1.13.2/STM32CubeIDE/plugins/com.st.stm32cube.ide.mcu.externaltools.gnu-tools-for-stm32.11.3.rel1.win32_1.1.1.202309131626/tools/bin/../lib/gcc/arm-none-eabi/11.3.1/thumb/v7e-m+fp/hard/crti.o
                0x0000000008002348                _fini
 .fini          0x000000000800234c        0x8 C:/ST/STM32CubeIDE_1.13.2/STM32CubeIDE/plugins/com.st.stm32cube.ide.mcu.externaltools.gnu-tools-for-stm32.11.3.rel1.win32_1.1.1.202309131626/tools/bin/../lib/gcc/arm-none-eabi/11.3.1/thumb/v7e-m+fp/hard/crtn.o
                0x0000000008002354                . = ALIGN (0x4)
                0x0000000008002354                _etext = .

.vfp11_veneer   0x0000000008002354        0x0
 .vfp11_veneer  0x0000000008002354        0x0 linker stubs

.v4_bx          0x0000000008002354        0x0
 .v4_bx         0x0000000008002354        0x0 linker stubs

.iplt           0x0000000008002354        0x0
 .iplt          0x0000000008002354        0x0 C:/ST/STM32CubeIDE_1.13.2/STM32CubeIDE/plugins/com.st.stm32cube.ide.mcu.externaltools.gnu-tools-for-stm32.11.3.rel1.win32_1.1.1.202309131626/tools/bin/../lib/gcc/arm-none-eabi/11.3.1/thumb/v7e-m+fp/hard/crtbegin.o

.rodata         0x0000000008002354       0x10
                0x0000000008002354                . = ALIGN (0x4)
 *(.rodata)
 *(.rodata*)
 .rodata.AHBPrescTable
                0x0000000008002354       0x10 ./Src/system_stm32f4xx.o
                0x0000000008002354                AHBPrescTable
                0x0000000008002364                . = ALIGN (0x4)

.ARM.extab      0x0000000008002364        0x0
                0x0000000008002364                . = ALIGN (0x4)
 *(.ARM.extab* .gnu.linkonce.armextab.*)
                0x0000000008002364                . = ALIGN (0x4)

.ARM            0x0000000008002364        0x8
                0x0000000008002364                . = ALIGN (0x4)
                0x0000000008002364                __exidx_start = .
 *(.ARM.exidx*)
 .ARM.exidx     0x0000000008002364        0x8 C:/ST/STM32CubeIDE_1.13.2/STM32CubeIDE/plugins/com.st.stm32cube.ide.mcu.externaltools.gnu-tools-for-stm32.11.3.rel1.win32_1.1.1.202309131626/tools/bin/../lib/gcc/arm-none-eabi/11.3.1/thumb/v7e-m+fp/hard\libgcc.a(_udivmoddi4.o)
                0x000000000800236c                __exidx_end = .
                0x000000000800236c                . = ALIGN (0x4)

.rel.dyn        0x000000000800236c        0x0
 .rel.iplt      0x000000000800236c        0x0 C:/ST/STM32CubeIDE_1.13.2/STM32CubeIDE/plugins/com.st.stm32cube.ide.mcu.externaltools.gnu-tools-for-stm32.11.3.rel1.win32_1.1.1.202309131626/tools/bin/../lib/gcc/arm-none-eabi/11.3.1/thumb/v7e-m+fp/hard/crtbegin.o

.preinit_array  0x000000000800236c        0x0
                0x000000000800236c                . = ALIGN (0x4)
                0x000000000800236c                PROVIDE (__preinit_array_start = .)
 *(.preinit_array*)
                0x000000000800236c                PROVIDE (__preinit_array_end = .)
                0x000000000800236c                . = ALIGN (0x4)

.init_array     0x000000000800236c        0x4
                0x000000000800236c                . = ALIGN (0x4)
                0x000000000800236c                PROVIDE (__init_array_start = .)
 *(SORT_BY_NAME(.init_array.*))
 *(.init_array*)
 .init_array    0x000000000800236c        0x4 C:/ST/STM32CubeIDE_1.13.2/STM32CubeIDE/plugins/com.st.stm32cube.ide.mcu.externaltools.gnu-tools-for-stm32.11.3.rel1.win32_1.1.1.202309131626/tools/bin/../lib/gcc/arm-none-eabi/11.3.1/thumb/v7e-m+fp/hard/crtbegin.o
                0x0000000008002370                PROVIDE (__init_array_end = .)
                0x0000000008002370                . = ALIGN (0x4)

.fini_array     0x0000000008002370        0x4
                0x0000000008002370                . = ALIGN (0x4)
                [!provide]                        PROVIDE (__fini_array_start = .)
 *(SORT_BY_NAME(.fini_array.*))
 *(.fini_array*)
 .fini_array    0x0000000008002370        0x4 C:/ST/STM32CubeIDE_1.13.2/STM32CubeIDE/plugins/com.st.stm32cube.ide.mcu.externaltools.gnu-tools-for-stm32.11.3.rel1.win32_1.1.1.202309131626/tools/bin/../lib/gcc/arm-none-eabi/11.3.1/thumb/v7e-m+fp/hard/crtbegin.o
                [!provide]                        PROVIDE (__fini_array_end = .)
                0x0000000008002374                . = ALIGN (0x4)
                0x0000000008002374                _sidata = LOADADDR (.data)

.data           0x0000000020000000        0x4 load address 0x0000000008002374
                0x0000000020000000                . = ALIGN (0x4)
                0x0000000020000000                _sdata = .
 *(.data)
 *(.data*)
 .data.SystemCoreClock
                0x0000000020000000        0x4 ./Src/system_stm32f4xx.o
                0x0000000020000000                SystemCoreClock
 *(.RamFunc)
 *(.RamFunc*)
                0x0000000020000004                . = ALIGN (0x4)
                0x0000000020000004                _edata = .
                0x0000000008002378                _siccmram = LOADADDR (.ccmram)

.igot.plt       0x0000000020000004        0x0 load address 0x0000000008002378
 .igot.plt      0x0000000020000004        0x0 C:/ST/STM32CubeIDE_1.13.2/STM32CubeIDE/plugins/com.st.stm32cube.ide.mcu.externaltools.gnu-tools-for-stm32.11.3.rel1.win32_1.1.1.202309131626/tools/bin/../lib/gcc/arm-none-eabi/11.3.1/thumb/v7e-m+fp/hard/crtbegin.o

.ccmram         0x0000000010000000        0x0 load address 0x0000000008002378
                0x0000000010000000                . = ALIGN (0x4)
                0x0000000010000000                _sccmram = .
 *(.ccmram)
 *(.ccmram*)
                0x0000000010000000                . = ALIGN (0x4)
                0x0000000010000000                _eccmram = .
                0x0000000010000000                . = ALIGN (0x4)

.bss            0x0000000020000008      0x2bc
                0x0000000020000008                _sbss = .
                0x0000000020000008                __bss_start__ = _sbss
 *(.bss)
 .bss           0x0000000020000008       0x1c C:/ST/STM32CubeIDE_1.13.2/STM32CubeIDE/plugins/com.st.stm32cube.ide.mcu.externaltools.gnu-tools-for-stm32.11.3.rel1.win32_1.1.1.202309131626/tools/bin/../lib/gcc/arm-none-eabi/11.3.1/thumb/v7e-m+fp/hard/crtbegin.o
 *(.bss*)
 *fill*         0x0000000020000024        0x4 
 .bss.Skipper_Clock___Micros_Storage
                0x0000000020000028        0x8 ./Drivers/Skipper Drivers/Src/Skipper_Clock.o
 .bss.USB_LL_Host___Host_Port
                0x0000000020000030      0x240 ./USB_LL_CORE/Src/USB_LL_Host.o
 .bss.host_Status
                0x0000000020000270       0x54 ./USB_LL_CORE/Src/USB_LL_Interrupts_Host.o
 *(COMMON)
                0x00000000200002c4                . = ALIGN (0x4)
                0x00000000200002c4                _ebss = .
                0x00000000200002c4                __bss_end__ = _ebss

._user_heap_stack
                0x00000000200002c4      0x604
                0x00000000200002c8                . = ALIGN (0x8)
 *fill*         0x00000000200002c4        0x4 
                [!provide]                        PROVIDE (end = .)
                0x00000000200002c8                PROVIDE (_end = .)
                0x00000000200004c8                . = (. + _Min_Heap_Size)
 *fill*         0x00000000200002c8      0x200 
                0x00000000200008c8                . = (. + _Min_Stack_Size)
 *fill*         0x00000000200004c8      0x400 
                0x00000000200008c8                . = ALIGN (0x8)

/DISCARD/
 libc.a(*)
 libm.a(*)
 libgcc.a(*)

.ARM.attributes
                0x0000000000000000       0x30
 *(.ARM.attributes)
 .ARM.attributes
                0x0000000000000000       0x1e C:/ST/STM32CubeIDE_1.13.2/STM32CubeIDE/plugins/com.st.stm32cube.ide.mcu.externaltools.gnu-tools-for-stm32.11.3.rel1.win32_1.1.1.202309131626/tools/bin/../lib/gcc/arm-none-eabi/11.3.1/thumb/v7e-m+fp/hard/crti.o
 .ARM.attributes
                0x000000000000001e       0x34 C:/ST/STM32CubeIDE_1.13.2/STM32CubeIDE/plugins/com.st.stm32cube.ide.mcu.externaltools.gnu-tools-for-stm32.11.3.rel1.win32_1.1.1.202309131626/tools/bin/../lib/gcc/arm-none-eabi/11.3.1/thumb/v7e-m+fp/hard/crtbegin.o
 .ARM.attributes
                0x0000000000000052       0x34 ./Drivers/Skipper Drivers/Src/Skipper_Clock.o
 .ARM.attributes
                0x0000000000000086       0x34 ./Src/main.o
 .ARM.attributes
                0x00000000000000ba       0x34 ./Src/system_stm32f4xx.o
 .ARM.attributes
                0x00000000000000ee       0x21 ./Startup/startup_stm32f407zetx.o
 .ARM.attributes
                0x000000000000010f       0x34 ./USB_CDC_DEVICE/Core/Src/USB_CDC_Device.o
 .ARM.attributes
                0x0000000000000143       0x34 ./USB_LL_CORE/Src/USB_LL_Device.o
 .ARM.attributes
                0x0000000000000177       0x34 ./USB_LL_CORE/Src/USB_LL_Hardware.o
 .ARM.attributes
                0x00000000000001ab       0x34 ./USB_LL_CORE/Src/USB_LL_Host.o
 .ARM.attributes
                0x00000000000001df       0x34 ./USB_LL_CORE/Src/USB_LL_Interrupts.o
 .ARM.attributes
                0x0000000000000213       0x34 ./USB_LL_CORE/Src/USB_LL_Interrupts_Device.o
 .ARM.attributes
                0x0000000000000247       0x34 ./USB_LL_CORE/Src/USB_LL_Interrupts_Host.o
 .ARM.attributes
                0x000000000000027b       0x34 C:/ST/STM32CubeIDE_1.13.2/STM32CubeIDE/plugins/com.st.stm32cube.ide.mcu.externaltools.gnu-tools-for-stm32.11.3.rel1.win32_1.1.1.202309131626/tools/bin/../lib/gcc/arm-none-eabi/11.3.1/../../../../arm-none-eabi/lib/thumb/v7e-m+fp/hard\libc_nano.a(libc_a-init.o)
 .ARM.attributes
                0x00000000000002af       0x1e C:/ST/STM32CubeIDE_1.13.2/STM32CubeIDE/plugins/com.st.stm32cube.ide.mcu.externaltools.gnu-tools-for-stm32.11.3.rel1.win32_1.1.1.202309131626/tools/bin/../lib/gcc/arm-none-eabi/11.3.1/thumb/v7e-m+fp/hard\libgcc.a(_aeabi_uldivmod.o)
 .ARM.attributes
                0x00000000000002cd       0x34 C:/ST/STM32CubeIDE_1.13.2/STM32CubeIDE/plugins/com.st.stm32cube.ide.mcu.externaltools.gnu-tools-for-stm32.11.3.rel1.win32_1.1.1.202309131626/tools/bin/../lib/gcc/arm-none-eabi/11.3.1/thumb/v7e-m+fp/hard\libgcc.a(_udivmoddi4.o)
 .ARM.attributes
                0x0000000000000301       0x1e C:/ST/STM32CubeIDE_1.13.2/STM32CubeIDE/plugins/com.st.stm32cube.ide.mcu.externaltools.gnu-tools-for-stm32.11.3.rel1.win32_1.1.1.202309131626/tools/bin/../lib/gcc/arm-none-eabi/11.3.1/thumb/v7e-m+fp/hard\libgcc.a(_dvmd_tls.o)
 .ARM.attributes
                0x000000000000031f       0x1e C:/ST/STM32CubeIDE_1.13.2/STM32CubeIDE/plugins/com.st.stm32cube.ide.mcu.externaltools.gnu-tools-for-stm32.11.3.rel1.win32_1.1.1.202309131626/tools/bin/../lib/gcc/arm-none-eabi/11.3.1/thumb/v7e-m+fp/hard/crtn.o
OUTPUT(USB Device And Host Development.elf elf32-littlearm)
LOAD linker stubs
LOAD C:/ST/STM32CubeIDE_1.13.2/STM32CubeIDE/plugins/com.st.stm32cube.ide.mcu.externaltools.gnu-tools-for-stm32.11.3.rel1.win32_1.1.1.202309131626/tools/bin/../lib/gcc/arm-none-eabi/11.3.1/../../../../arm-none-eabi/lib/thumb/v7e-m+fp/hard\libc.a
LOAD C:/ST/STM32CubeIDE_1.13.2/STM32CubeIDE/plugins/com.st.stm32cube.ide.mcu.externaltools.gnu-tools-for-stm32.11.3.rel1.win32_1.1.1.202309131626/tools/bin/../lib/gcc/arm-none-eabi/11.3.1/../../../../arm-none-eabi/lib/thumb/v7e-m+fp/hard\libm.a
LOAD C:/ST/STM32CubeIDE_1.13.2/STM32CubeIDE/plugins/com.st.stm32cube.ide.mcu.externaltools.gnu-tools-for-stm32.11.3.rel1.win32_1.1.1.202309131626/tools/bin/../lib/gcc/arm-none-eabi/11.3.1/thumb/v7e-m+fp/hard\libgcc.a

.comment        0x0000000000000000       0x43
 .comment       0x0000000000000000       0x43 C:/ST/STM32CubeIDE_1.13.2/STM32CubeIDE/plugins/com.st.stm32cube.ide.mcu.externaltools.gnu-tools-for-stm32.11.3.rel1.win32_1.1.1.202309131626/tools/bin/../lib/gcc/arm-none-eabi/11.3.1/thumb/v7e-m+fp/hard/crtbegin.o
                                         0x44 (size before relaxing)
 .comment       0x0000000000000043       0x44 ./Drivers/Skipper Drivers/Src/Skipper_Clock.o
 .comment       0x0000000000000043       0x44 ./Src/main.o
 .comment       0x0000000000000043       0x44 ./Src/system_stm32f4xx.o
 .comment       0x0000000000000043       0x44 ./USB_CDC_DEVICE/Core/Src/USB_CDC_Device.o
 .comment       0x0000000000000043       0x44 ./USB_LL_CORE/Src/USB_LL_Device.o
 .comment       0x0000000000000043       0x44 ./USB_LL_CORE/Src/USB_LL_Hardware.o
 .comment       0x0000000000000043       0x44 ./USB_LL_CORE/Src/USB_LL_Host.o
 .comment       0x0000000000000043       0x44 ./USB_LL_CORE/Src/USB_LL_Interrupts.o
 .comment       0x0000000000000043       0x44 ./USB_LL_CORE/Src/USB_LL_Interrupts_Device.o
 .comment       0x0000000000000043       0x44 ./USB_LL_CORE/Src/USB_LL_Interrupts_Host.o

.debug_info     0x0000000000000000     0x4323
 .debug_info    0x0000000000000000      0x5b1 ./Drivers/Skipper Drivers/Src/Skipper_Clock.o
 .debug_info    0x00000000000005b1      0x316 ./Src/main.o
 .debug_info    0x00000000000008c7      0x50b ./Src/system_stm32f4xx.o
 .debug_info    0x0000000000000dd2       0x23 ./Startup/startup_stm32f407zetx.o
 .debug_info    0x0000000000000df5      0x1d2 ./USB_CDC_DEVICE/Core/Src/USB_CDC_Device.o
 .debug_info    0x0000000000000fc7      0x2ca ./USB_LL_CORE/Src/USB_LL_Device.o
 .debug_info    0x0000000000001291     0x110a ./USB_LL_CORE/Src/USB_LL_Hardware.o
 .debug_info    0x000000000000239b      0xe90 ./USB_LL_CORE/Src/USB_LL_Host.o
 .debug_info    0x000000000000322b      0x320 ./USB_LL_CORE/Src/USB_LL_Interrupts.o
 .debug_info    0x000000000000354b      0x3a5 ./USB_LL_CORE/Src/USB_LL_Interrupts_Device.o
 .debug_info    0x00000000000038f0      0xa33 ./USB_LL_CORE/Src/USB_LL_Interrupts_Host.o

.debug_abbrev   0x0000000000000000      0xfc4
 .debug_abbrev  0x0000000000000000      0x191 ./Drivers/Skipper Drivers/Src/Skipper_Clock.o
 .debug_abbrev  0x0000000000000191      0x107 ./Src/main.o
 .debug_abbrev  0x0000000000000298      0x11a ./Src/system_stm32f4xx.o
 .debug_abbrev  0x00000000000003b2       0x12 ./Startup/startup_stm32f407zetx.o
 .debug_abbrev  0x00000000000003c4       0xf5 ./USB_CDC_DEVICE/Core/Src/USB_CDC_Device.o
 .debug_abbrev  0x00000000000004b9      0x14a ./USB_LL_CORE/Src/USB_LL_Device.o
 .debug_abbrev  0x0000000000000603      0x241 ./USB_LL_CORE/Src/USB_LL_Hardware.o
 .debug_abbrev  0x0000000000000844      0x25e ./USB_LL_CORE/Src/USB_LL_Host.o
 .debug_abbrev  0x0000000000000aa2      0x192 ./USB_LL_CORE/Src/USB_LL_Interrupts.o
 .debug_abbrev  0x0000000000000c34      0x159 ./USB_LL_CORE/Src/USB_LL_Interrupts_Device.o
 .debug_abbrev  0x0000000000000d8d      0x237 ./USB_LL_CORE/Src/USB_LL_Interrupts_Host.o

.debug_aranges  0x0000000000000000      0x400
 .debug_aranges
                0x0000000000000000       0x78 ./Drivers/Skipper Drivers/Src/Skipper_Clock.o
 .debug_aranges
                0x0000000000000078       0x28 ./Src/main.o
 .debug_aranges
                0x00000000000000a0       0x28 ./Src/system_stm32f4xx.o
 .debug_aranges
                0x00000000000000c8       0x28 ./Startup/startup_stm32f407zetx.o
 .debug_aranges
                0x00000000000000f0       0x28 ./USB_CDC_DEVICE/Core/Src/USB_CDC_Device.o
 .debug_aranges
                0x0000000000000118       0x20 ./USB_LL_CORE/Src/USB_LL_Device.o
 .debug_aranges
                0x0000000000000138       0x88 ./USB_LL_CORE/Src/USB_LL_Hardware.o
 .debug_aranges
                0x00000000000001c0      0x128 ./USB_LL_CORE/Src/USB_LL_Host.o
 .debug_aranges
                0x00000000000002e8       0x38 ./USB_LL_CORE/Src/USB_LL_Interrupts.o
 .debug_aranges
                0x0000000000000320       0x30 ./USB_LL_CORE/Src/USB_LL_Interrupts_Device.o
 .debug_aranges
                0x0000000000000350       0xb0 ./USB_LL_CORE/Src/USB_LL_Interrupts_Host.o

.debug_rnglists
                0x0000000000000000      0x2de
 .debug_rnglists
                0x0000000000000000       0x5a ./Drivers/Skipper Drivers/Src/Skipper_Clock.o
 .debug_rnglists
                0x000000000000005a       0x1a ./Src/main.o
 .debug_rnglists
                0x0000000000000074       0x1a ./Src/system_stm32f4xx.o
 .debug_rnglists
                0x000000000000008e       0x19 ./Startup/startup_stm32f407zetx.o
 .debug_rnglists
                0x00000000000000a7       0x19 ./USB_CDC_DEVICE/Core/Src/USB_CDC_Device.o
 .debug_rnglists
                0x00000000000000c0       0x14 ./USB_LL_CORE/Src/USB_LL_Device.o
 .debug_rnglists
                0x00000000000000d4       0x65 ./USB_LL_CORE/Src/USB_LL_Hardware.o
 .debug_rnglists
                0x0000000000000139       0xde ./USB_LL_CORE/Src/USB_LL_Host.o
 .debug_rnglists
                0x0000000000000217       0x26 ./USB_LL_CORE/Src/USB_LL_Interrupts.o
 .debug_rnglists
                0x000000000000023d       0x1f ./USB_LL_CORE/Src/USB_LL_Interrupts_Device.o
 .debug_rnglists
                0x000000000000025c       0x82 ./USB_LL_CORE/Src/USB_LL_Interrupts_Host.o

.debug_macro    0x0000000000000000    0x19ceb
 .debug_macro   0x0000000000000000      0x1ab ./Drivers/Skipper Drivers/Src/Skipper_Clock.o
 .debug_macro   0x00000000000001ab      0xab4 ./Drivers/Skipper Drivers/Src/Skipper_Clock.o
 .debug_macro   0x0000000000000c5f       0x2a ./Drivers/Skipper Drivers/Src/Skipper_Clock.o
 .debug_macro   0x0000000000000c89       0x22 ./Drivers/Skipper Drivers/Src/Skipper_Clock.o
 .debug_macro   0x0000000000000cab       0x5b ./Drivers/Skipper Drivers/Src/Skipper_Clock.o
 .debug_macro   0x0000000000000d06       0x94 ./Drivers/Skipper Drivers/Src/Skipper_Clock.o
 .debug_macro   0x0000000000000d9a       0x43 ./Drivers/Skipper Drivers/Src/Skipper_Clock.o
 .debug_macro   0x0000000000000ddd       0x34 ./Drivers/Skipper Drivers/Src/Skipper_Clock.o
 .debug_macro   0x0000000000000e11       0x16 ./Drivers/Skipper Drivers/Src/Skipper_Clock.o
 .debug_macro   0x0000000000000e27      0x10e ./Drivers/Skipper Drivers/Src/Skipper_Clock.o
 .debug_macro   0x0000000000000f35       0x8d ./Drivers/Skipper Drivers/Src/Skipper_Clock.o
 .debug_macro   0x0000000000000fc2       0x16 ./Drivers/Skipper Drivers/Src/Skipper_Clock.o
 .debug_macro   0x0000000000000fd8       0x43 ./Drivers/Skipper Drivers/Src/Skipper_Clock.o
 .debug_macro   0x000000000000101b       0x57 ./Drivers/Skipper Drivers/Src/Skipper_Clock.o
 .debug_macro   0x0000000000001072       0x34 ./Drivers/Skipper Drivers/Src/Skipper_Clock.o
 .debug_macro   0x00000000000010a6       0x10 ./Drivers/Skipper Drivers/Src/Skipper_Clock.o
 .debug_macro   0x00000000000010b6       0x58 ./Drivers/Skipper Drivers/Src/Skipper_Clock.o
 .debug_macro   0x000000000000110e       0x8e ./Drivers/Skipper Drivers/Src/Skipper_Clock.o
 .debug_macro   0x000000000000119c       0x1c ./Drivers/Skipper Drivers/Src/Skipper_Clock.o
 .debug_macro   0x00000000000011b8      0x177 ./Drivers/Skipper Drivers/Src/Skipper_Clock.o
 .debug_macro   0x000000000000132f      0x369 ./Drivers/Skipper Drivers/Src/Skipper_Clock.o
 .debug_macro   0x0000000000001698       0x16 ./Drivers/Skipper Drivers/Src/Skipper_Clock.o
 .debug_macro   0x00000000000016ae       0x29 ./Drivers/Skipper Drivers/Src/Skipper_Clock.o
 .debug_macro   0x00000000000016d7      0x103 ./Drivers/Skipper Drivers/Src/Skipper_Clock.o
 .debug_macro   0x00000000000017da       0x6a ./Drivers/Skipper Drivers/Src/Skipper_Clock.o
 .debug_macro   0x0000000000001844      0x1df ./Drivers/Skipper Drivers/Src/Skipper_Clock.o
 .debug_macro   0x0000000000001a23       0x28 ./Drivers/Skipper Drivers/Src/Skipper_Clock.o
 .debug_macro   0x0000000000001a4b       0x2f ./Drivers/Skipper Drivers/Src/Skipper_Clock.o
 .debug_macro   0x0000000000001a7a       0x1c ./Drivers/Skipper Drivers/Src/Skipper_Clock.o
 .debug_macro   0x0000000000001a96       0x22 ./Drivers/Skipper Drivers/Src/Skipper_Clock.o
 .debug_macro   0x0000000000001ab8       0xd9 ./Drivers/Skipper Drivers/Src/Skipper_Clock.o
 .debug_macro   0x0000000000001b91     0x102d ./Drivers/Skipper Drivers/Src/Skipper_Clock.o
 .debug_macro   0x0000000000002bbe      0x11f ./Drivers/Skipper Drivers/Src/Skipper_Clock.o
 .debug_macro   0x0000000000002cdd    0x15e82 ./Drivers/Skipper Drivers/Src/Skipper_Clock.o
 .debug_macro   0x0000000000018b5f       0x6d ./Drivers/Skipper Drivers/Src/Skipper_Clock.o
 .debug_macro   0x0000000000018bcc       0x16 ./Drivers/Skipper Drivers/Src/Skipper_Clock.o
 .debug_macro   0x0000000000018be2      0x1ff ./Drivers/Skipper Drivers/Src/Skipper_Clock.o
 .debug_macro   0x0000000000018de1      0x102 ./Src/main.o
 .debug_macro   0x0000000000018ee3       0x8e ./Src/main.o
 .debug_macro   0x0000000000018f71       0x51 ./Src/main.o
 .debug_macro   0x0000000000018fc2       0x1c ./Src/main.o
 .debug_macro   0x0000000000018fde       0x94 ./Src/main.o
 .debug_macro   0x0000000000019072       0xa6 ./Src/main.o
 .debug_macro   0x0000000000019118       0xda ./Src/system_stm32f4xx.o
 .debug_macro   0x00000000000191f2      0x1c7 ./USB_CDC_DEVICE/Core/Src/USB_CDC_Device.o
 .debug_macro   0x00000000000193b9       0x70 ./USB_CDC_DEVICE/Core/Src/USB_CDC_Device.o
 .debug_macro   0x0000000000019429       0x22 ./USB_CDC_DEVICE/Core/Src/USB_CDC_Device.o
 .debug_macro   0x000000000001944b       0x1c ./USB_CDC_DEVICE/Core/Src/USB_CDC_Device.o
 .debug_macro   0x0000000000019467      0x1d2 ./USB_LL_CORE/Src/USB_LL_Device.o
 .debug_macro   0x0000000000019639       0x1c ./USB_LL_CORE/Src/USB_LL_Device.o
 .debug_macro   0x0000000000019655       0x22 ./USB_LL_CORE/Src/USB_LL_Device.o
 .debug_macro   0x0000000000019677      0x1bd ./USB_LL_CORE/Src/USB_LL_Hardware.o
 .debug_macro   0x0000000000019834      0x1c6 ./USB_LL_CORE/Src/USB_LL_Host.o
 .debug_macro   0x00000000000199fa      0x104 ./USB_LL_CORE/Src/USB_LL_Interrupts.o
 .debug_macro   0x0000000000019afe       0xe0 ./USB_LL_CORE/Src/USB_LL_Interrupts_Device.o
 .debug_macro   0x0000000000019bde      0x10d ./USB_LL_CORE/Src/USB_LL_Interrupts_Host.o

.debug_line     0x0000000000000000     0x57cf
 .debug_line    0x0000000000000000      0x9bf ./Drivers/Skipper Drivers/Src/Skipper_Clock.o
 .debug_line    0x00000000000009bf      0x76a ./Src/main.o
 .debug_line    0x0000000000001129      0x60d ./Src/system_stm32f4xx.o
 .debug_line    0x0000000000001736       0x7b ./Startup/startup_stm32f407zetx.o
 .debug_line    0x00000000000017b1      0x871 ./USB_CDC_DEVICE/Core/Src/USB_CDC_Device.o
 .debug_line    0x0000000000002022      0x853 ./USB_LL_CORE/Src/USB_LL_Device.o
 .debug_line    0x0000000000002875      0xae1 ./USB_LL_CORE/Src/USB_LL_Hardware.o
 .debug_line    0x0000000000003356      0xcfc ./USB_LL_CORE/Src/USB_LL_Host.o
 .debug_line    0x0000000000004052      0x708 ./USB_LL_CORE/Src/USB_LL_Interrupts.o
 .debug_line    0x000000000000475a      0x629 ./USB_LL_CORE/Src/USB_LL_Interrupts_Device.o
 .debug_line    0x0000000000004d83      0xa4c ./USB_LL_CORE/Src/USB_LL_Interrupts_Host.o

.debug_str      0x0000000000000000    0x8f4a2
 .debug_str     0x0000000000000000    0x8c810 ./Drivers/Skipper Drivers/Src/Skipper_Clock.o
                                      0x8ca4f (size before relaxing)
 .debug_str     0x000000000008c810      0x9e5 ./Src/main.o
                                      0x89c4a (size before relaxing)
 .debug_str     0x000000000008d1f5       0xfe ./Src/system_stm32f4xx.o
                                      0x882b8 (size before relaxing)
 .debug_str     0x000000000008d2f3       0x2f ./Startup/startup_stm32f407zetx.o
                                         0x88 (size before relaxing)
 .debug_str     0x000000000008d322      0x5fa ./USB_CDC_DEVICE/Core/Src/USB_CDC_Device.o
                                      0x8cc5d (size before relaxing)
 .debug_str     0x000000000008d91c      0x1ec ./USB_LL_CORE/Src/USB_LL_Device.o
                                      0x8cd84 (size before relaxing)
 .debug_str     0x000000000008db08      0x8f2 ./USB_LL_CORE/Src/USB_LL_Hardware.o
                                      0x8d77a (size before relaxing)
 .debug_str     0x000000000008e3fa      0x798 ./USB_LL_CORE/Src/USB_LL_Host.o
                                      0x8da28 (size before relaxing)
 .debug_str     0x000000000008eb92      0x3b4 ./USB_LL_CORE/Src/USB_LL_Interrupts.o
                                      0x88f8f (size before relaxing)
 .debug_str     0x000000000008ef46       0x73 ./USB_LL_CORE/Src/USB_LL_Interrupts_Device.o
                                      0x8874f (size before relaxing)
 .debug_str     0x000000000008efb9      0x4e9 ./USB_LL_CORE/Src/USB_LL_Interrupts_Host.o
                                      0x8a6a6 (size before relaxing)

.debug_frame    0x0000000000000000      0xefc
 .debug_frame   0x0000000000000000      0x1d8 ./Drivers/Skipper Drivers/Src/Skipper_Clock.o
 .debug_frame   0x00000000000001d8       0x4c ./Src/main.o
 .debug_frame   0x0000000000000224       0x58 ./Src/system_stm32f4xx.o
 .debug_frame   0x000000000000027c       0x5c ./USB_CDC_DEVICE/Core/Src/USB_CDC_Device.o
 .debug_frame   0x00000000000002d8       0x44 ./USB_LL_CORE/Src/USB_LL_Device.o
 .debug_frame   0x000000000000031c      0x220 ./USB_LL_CORE/Src/USB_LL_Hardware.o
 .debug_frame   0x000000000000053c      0x524 ./USB_LL_CORE/Src/USB_LL_Host.o
 .debug_frame   0x0000000000000a60       0x90 ./USB_LL_CORE/Src/USB_LL_Interrupts.o
 .debug_frame   0x0000000000000af0       0x84 ./USB_LL_CORE/Src/USB_LL_Interrupts_Device.o
 .debug_frame   0x0000000000000b74      0x2fc ./USB_LL_CORE/Src/USB_LL_Interrupts_Host.o
 .debug_frame   0x0000000000000e70       0x2c C:/ST/STM32CubeIDE_1.13.2/STM32CubeIDE/plugins/com.st.stm32cube.ide.mcu.externaltools.gnu-tools-for-stm32.11.3.rel1.win32_1.1.1.202309131626/tools/bin/../lib/gcc/arm-none-eabi/11.3.1/../../../../arm-none-eabi/lib/thumb/v7e-m+fp/hard\libc_nano.a(libc_a-init.o)
 .debug_frame   0x0000000000000e9c       0x2c C:/ST/STM32CubeIDE_1.13.2/STM32CubeIDE/plugins/com.st.stm32cube.ide.mcu.externaltools.gnu-tools-for-stm32.11.3.rel1.win32_1.1.1.202309131626/tools/bin/../lib/gcc/arm-none-eabi/11.3.1/thumb/v7e-m+fp/hard\libgcc.a(_aeabi_uldivmod.o)
 .debug_frame   0x0000000000000ec8       0x34 C:/ST/STM32CubeIDE_1.13.2/STM32CubeIDE/plugins/com.st.stm32cube.ide.mcu.externaltools.gnu-tools-for-stm32.11.3.rel1.win32_1.1.1.202309131626/tools/bin/../lib/gcc/arm-none-eabi/11.3.1/thumb/v7e-m+fp/hard\libgcc.a(_udivmoddi4.o)

.debug_line_str
                0x0000000000000000       0x7c
 .debug_line_str
                0x0000000000000000       0x7c ./Startup/startup_stm32f407zetx.o
                                         0x94 (size before relaxing)
