Archive member included to satisfy reference by file (symbol)

C:/ST/STM32CubeIDE_1.13.2/STM32CubeIDE/plugins/com.st.stm32cube.ide.mcu.externaltools.gnu-tools-for-stm32.11.3.rel1.win32_1.1.1.202309131626/tools/bin/../lib/gcc/arm-none-eabi/11.3.1/../../../../arm-none-eabi/lib/thumb/v7e-m+fp/hard\libc_nano.a(libc_a-exit.o)
                              C:/ST/STM32CubeIDE_1.13.2/STM32CubeIDE/plugins/com.st.stm32cube.ide.mcu.externaltools.gnu-tools-for-stm32.11.3.rel1.win32_1.1.1.202309131626/tools/bin/../lib/gcc/arm-none-eabi/11.3.1/../../../../arm-none-eabi/lib/thumb/v7e-m+fp/hard/crt0.o (exit)
C:/ST/STM32CubeIDE_1.13.2/STM32CubeIDE/plugins/com.st.stm32cube.ide.mcu.externaltools.gnu-tools-for-stm32.11.3.rel1.win32_1.1.1.202309131626/tools/bin/../lib/gcc/arm-none-eabi/11.3.1/../../../../arm-none-eabi/lib/thumb/v7e-m+fp/hard\libc_nano.a(libc_a-findfp.o)
                              C:/ST/STM32CubeIDE_1.13.2/STM32CubeIDE/plugins/com.st.stm32cube.ide.mcu.externaltools.gnu-tools-for-stm32.11.3.rel1.win32_1.1.1.202309131626/tools/bin/../lib/gcc/arm-none-eabi/11.3.1/../../../../arm-none-eabi/lib/thumb/v7e-m+fp/hard\libc_nano.a(libc_a-exit.o) (__stdio_exit_handler)
C:/ST/STM32CubeIDE_1.13.2/STM32CubeIDE/plugins/com.st.stm32cube.ide.mcu.externaltools.gnu-tools-for-stm32.11.3.rel1.win32_1.1.1.202309131626/tools/bin/../lib/gcc/arm-none-eabi/11.3.1/../../../../arm-none-eabi/lib/thumb/v7e-m+fp/hard\libc_nano.a(libc_a-fwalk.o)
                              C:/ST/STM32CubeIDE_1.13.2/STM32CubeIDE/plugins/com.st.stm32cube.ide.mcu.externaltools.gnu-tools-for-stm32.11.3.rel1.win32_1.1.1.202309131626/tools/bin/../lib/gcc/arm-none-eabi/11.3.1/../../../../arm-none-eabi/lib/thumb/v7e-m+fp/hard\libc_nano.a(libc_a-findfp.o) (_fwalk_sglue)
C:/ST/STM32CubeIDE_1.13.2/STM32CubeIDE/plugins/com.st.stm32cube.ide.mcu.externaltools.gnu-tools-for-stm32.11.3.rel1.win32_1.1.1.202309131626/tools/bin/../lib/gcc/arm-none-eabi/11.3.1/../../../../arm-none-eabi/lib/thumb/v7e-m+fp/hard\libc_nano.a(libc_a-stdio.o)
                              C:/ST/STM32CubeIDE_1.13.2/STM32CubeIDE/plugins/com.st.stm32cube.ide.mcu.externaltools.gnu-tools-for-stm32.11.3.rel1.win32_1.1.1.202309131626/tools/bin/../lib/gcc/arm-none-eabi/11.3.1/../../../../arm-none-eabi/lib/thumb/v7e-m+fp/hard\libc_nano.a(libc_a-findfp.o) (__sread)
C:/ST/STM32CubeIDE_1.13.2/STM32CubeIDE/plugins/com.st.stm32cube.ide.mcu.externaltools.gnu-tools-for-stm32.11.3.rel1.win32_1.1.1.202309131626/tools/bin/../lib/gcc/arm-none-eabi/11.3.1/../../../../arm-none-eabi/lib/thumb/v7e-m+fp/hard\libc_nano.a(libc_a-memset.o)
                              C:/ST/STM32CubeIDE_1.13.2/STM32CubeIDE/plugins/com.st.stm32cube.ide.mcu.externaltools.gnu-tools-for-stm32.11.3.rel1.win32_1.1.1.202309131626/tools/bin/../lib/gcc/arm-none-eabi/11.3.1/../../../../arm-none-eabi/lib/thumb/v7e-m+fp/hard/crt0.o (memset)
C:/ST/STM32CubeIDE_1.13.2/STM32CubeIDE/plugins/com.st.stm32cube.ide.mcu.externaltools.gnu-tools-for-stm32.11.3.rel1.win32_1.1.1.202309131626/tools/bin/../lib/gcc/arm-none-eabi/11.3.1/../../../../arm-none-eabi/lib/thumb/v7e-m+fp/hard\libc_nano.a(libc_a-closer.o)
                              C:/ST/STM32CubeIDE_1.13.2/STM32CubeIDE/plugins/com.st.stm32cube.ide.mcu.externaltools.gnu-tools-for-stm32.11.3.rel1.win32_1.1.1.202309131626/tools/bin/../lib/gcc/arm-none-eabi/11.3.1/../../../../arm-none-eabi/lib/thumb/v7e-m+fp/hard\libc_nano.a(libc_a-stdio.o) (_close_r)
C:/ST/STM32CubeIDE_1.13.2/STM32CubeIDE/plugins/com.st.stm32cube.ide.mcu.externaltools.gnu-tools-for-stm32.11.3.rel1.win32_1.1.1.202309131626/tools/bin/../lib/gcc/arm-none-eabi/11.3.1/../../../../arm-none-eabi/lib/thumb/v7e-m+fp/hard\libc_nano.a(libc_a-reent.o)
                              C:/ST/STM32CubeIDE_1.13.2/STM32CubeIDE/plugins/com.st.stm32cube.ide.mcu.externaltools.gnu-tools-for-stm32.11.3.rel1.win32_1.1.1.202309131626/tools/bin/../lib/gcc/arm-none-eabi/11.3.1/../../../../arm-none-eabi/lib/thumb/v7e-m+fp/hard\libc_nano.a(libc_a-closer.o) (errno)
C:/ST/STM32CubeIDE_1.13.2/STM32CubeIDE/plugins/com.st.stm32cube.ide.mcu.externaltools.gnu-tools-for-stm32.11.3.rel1.win32_1.1.1.202309131626/tools/bin/../lib/gcc/arm-none-eabi/11.3.1/../../../../arm-none-eabi/lib/thumb/v7e-m+fp/hard\libc_nano.a(libc_a-impure.o)
                              C:/ST/STM32CubeIDE_1.13.2/STM32CubeIDE/plugins/com.st.stm32cube.ide.mcu.externaltools.gnu-tools-for-stm32.11.3.rel1.win32_1.1.1.202309131626/tools/bin/../lib/gcc/arm-none-eabi/11.3.1/../../../../arm-none-eabi/lib/thumb/v7e-m+fp/hard\libc_nano.a(libc_a-reent.o) (_impure_ptr)
C:/ST/STM32CubeIDE_1.13.2/STM32CubeIDE/plugins/com.st.stm32cube.ide.mcu.externaltools.gnu-tools-for-stm32.11.3.rel1.win32_1.1.1.202309131626/tools/bin/../lib/gcc/arm-none-eabi/11.3.1/../../../../arm-none-eabi/lib/thumb/v7e-m+fp/hard\libc_nano.a(libc_a-lseekr.o)
[...]
Memory Configuration

Name             Origin             Length             Attributes
CCMRAM           0x0000000010000000 0x0000000000010000 xrw
RAM              0x0000000020000000 0x0000000000020000 xrw
FLASH            0x0000000008000000 0x0000000000080000 xr
*default*        0x0000000000000000 0xffffffffffffffff

Linker script and memory map

LOAD C:/ST/STM32CubeIDE_1.13.2/STM32CubeIDE/plugins/com.st.stm32cube.ide.mcu.externaltools.gnu-tools-for-stm32.11.3.rel1.win32_1.1.1.202309131626/tools/bin/../lib/gcc/arm-none-eabi/11.3.1/thumb/v7e-m+fp/hard/crti.o
LOAD C:/ST/STM32CubeIDE_1.13.2/STM32CubeIDE/plugins/com.st.stm32cube.ide.mcu.externaltools.gnu-tools-for-stm32.11.3.rel1.win32_1.1.1.202309131626/tools/bin/../lib/gcc/arm-none-eabi/11.3.1/thumb/v7e-m+fp/hard/crtbegin.o
LOAD C:/ST/STM32CubeIDE_1.13.2/STM32CubeIDE/plugins/com.st.stm32cube.ide.mcu.externaltools.gnu-tools-for-stm32.11.3.rel1.win32_1.1.1.202309131626/tools/bin/../lib/gcc/arm-none-eabi/11.3.1/../../../../arm-none-eabi/lib/thumb/v7e-m+fp/hard/crt0.o
LOAD ./Drivers/Skipper Drivers/Src/Skipper_Clock.o
LOAD ./Src/main.o
LOAD ./Src/syscalls.o
LOAD ./Src/sysmem.o
LOAD ./Src/system_stm32f4xx.o
LOAD ./Startup/startup_stm32f407zetx.o
START GROUP
LOAD C:/ST/STM32CubeIDE_1.13.2/STM32CubeIDE/plugins/com.st.stm32cube.ide.mcu.externaltools.gnu-tools-for-stm32.11.3.rel1.win32_1.1.1.202309131626/tools/bin/../lib/gcc/arm-none-eabi/11.3.1/../../../../arm-none-eabi/lib/thumb/v7e-m+fp/hard\libstdc++_nano.a
LOAD C:/ST/STM32CubeIDE_1.13.2/STM32CubeIDE/plugins/com.st.stm32cube.ide.mcu.externaltools.gnu-tools-for-stm32.11.3.rel1.win32_1.1.1.202309131626/tools/bin/../lib/gcc/arm-none-eabi/11.3.1/../../../../arm-none-eabi/lib/thumb/v7e-m+fp/hard\libsupc++_nano.a
END GROUP
LOAD C:/ST/STM32CubeIDE_1.13.2/STM32CubeIDE/plugins/com.st.stm32cube.ide.mcu.externaltools.gnu-tools-for-stm32.11.3.rel1.win32_1.1.1.202309131626/tools/bin/../lib/gcc/arm-none-eabi/11.3.1/../../../../arm-none-eabi/lib/thumb/v7e-m+fp/hard\libstdc++_nano.a
LOAD C:/ST/STM32CubeIDE_1.13.2/STM32CubeIDE/plugins/com.st.stm32cube.ide.mcu.externaltools.gnu-tools-for-stm32.11.3.rel1.win32_1.1.1.202309131626/tools/bin/../lib/gcc/arm-none-eabi/11.3.1/../../../../arm-none-eabi/lib/thumb/v7e-m+fp/hard\libm.a
LOAD C:/ST/STM32CubeIDE_1.13.2/STM32CubeIDE/plugins/com.st.stm32cube.ide.mcu.externaltools.gnu-tools-for-stm32.11.3.rel1.win32_1.1.1.202309131626/tools/bin/../lib/gcc/arm-none-eabi/11.3.1/../../../../arm-none-eabi/lib/thumb/v7e-m+fp/hard\libc_nano.a
START GROUP
LOAD C:/ST/STM32CubeIDE_1.13.2/STM32CubeIDE/plugins/com.st.stm32cube.ide.mcu.externaltools.gnu-tools-for-stm32.11.3.rel1.win32_1.1.1.202309131626/tools/bin/../lib/gcc/arm-none-eabi/11.3.1/thumb/v7e-m+fp/hard\libgcc.a
LOAD C:/ST/STM32CubeIDE_1.13.2/STM32CubeIDE/plugins/com.st.stm32cube.ide.mcu.externaltools.gnu-tools-for-stm32.11.3.rel1.win32_1.1.1.202309131626/tools/bin/../lib/gcc/arm-none-eabi/11.3.1/../../../../arm-none-eabi/lib/thumb/v7e-m+fp/hard\libc_nano.a
END GROUP
START GROUP
LOAD C:/ST/STM32CubeIDE_1.13.2/STM32CubeIDE/plugins/com.st.stm32cube.ide.mcu.externaltools.gnu-tools-for-stm32.11.3.rel1.win32_1.1.1.202309131626/tools/bin/../lib/gcc/arm-none-eabi/11.3.1/thumb/v7e-m+fp/hard\libgcc.a
LOAD C:/ST/STM32CubeIDE_1.13.2/STM32CubeIDE/plugins/com.st.stm32cube.ide.mcu.externaltools.gnu-tools-for-stm32.11.3.rel1.win32_1.1.1.202309131626/tools/bin/../lib/gcc/arm-none-eabi/11.3.1/../../../../arm-none-eabi/lib/thumb/v7e-m+fp/hard\libc_nano.a
LOAD C:/ST/STM32CubeIDE_1.13.2/STM32CubeIDE/plugins/com.st.stm32cube.ide.mcu.externaltools.gnu-tools-for-stm32.11.3.rel1.win32_1.1.1.202309131626/tools/bin/../lib/gcc/arm-none-eabi/11.3.1/../../../../arm-none-eabi/lib/thumb/v7e-m+fp/hard\libnosys.a
END GROUP
START GROUP
LOAD C:/ST/STM32CubeIDE_1.13.2/STM32CubeIDE/plugins/com.st.stm32cube.ide.mcu.externaltools.gnu-tools-for-stm32.11.3.rel1.win32_1.1.1.202309131626/tools/bin/../lib/gcc/arm-none-eabi/11.3.1/thumb/v7e-m+fp/hard\libgcc.a
LOAD C:/ST/STM32CubeIDE_1.13.2/STM32CubeIDE/plugins/com.st.stm32cube.ide.mcu.externaltools.gnu-tools-for-stm32.11.3.rel1.win32_1.1.1.202309131626/tools/bin/../lib/gcc/arm-none-eabi/11.3.1/../../../../arm-none-eabi/lib/thumb/v7e-m+fp/hard\libc_nano.a
LOAD C:/ST/STM32CubeIDE_1.13.2/STM32CubeIDE/plugins/com.st.stm32cube.ide.mcu.externaltools.gnu-tools-for-stm32.11.3.rel1.win32_1.1.1.202309131626/tools/bin/../lib/gcc/arm-none-eabi/11.3.1/../../../../arm-none-eabi/lib/thumb/v7e-m+fp/hard\libnosys.a
END GROUP
LOAD C:/ST/STM32CubeIDE_1.13.2/STM32CubeIDE/plugins/com.st.stm32cube.ide.mcu.externaltools.gnu-tools-for-stm32.11.3.rel1.win32_1.1.1.202309131626/tools/bin/../lib/gcc/arm-none-eabi/11.3.1/thumb/v7e-m+fp/hard/crtend.o
LOAD C:/ST/STM32CubeIDE_1.13.2/STM32CubeIDE/plugins/com.st.stm32cube.ide.mcu.externaltools.gnu-tools-for-stm32.11.3.rel1.win32_1.1.1.202309131626/tools/bin/../lib/gcc/arm-none-eabi/11.3.1/thumb/v7e-m+fp/hard/crtn.o
                0x0000000020020000                _estack = (ORIGIN (RAM) + LENGTH (RAM))
                0x0000000000000200                _Min_Heap_Size = 0x200
                0x0000000000000400                _Min_Stack_Size = 0x400

.isr_vector     0x0000000008000000      0x1a8
                0x0000000008000000                . = ALIGN (0x4)
 *(.isr_vector)
 .isr_vector    0x0000000008000000      0x1a8 ./Startup/startup_stm32f407zetx.o
                0x0000000008000000                g_pfnVectors
                0x00000000080001a8                . = ALIGN (0x4)

.text           0x00000000080001a8      0x9bc
                0x00000000080001a8                . = ALIGN (0x4)
 *(.text)
 .text          0x00000000080001a8       0x40 C:/ST/STM32CubeIDE_1.13.2/STM32CubeIDE/plugins/com.st.stm32cube.ide.mcu.externaltools.gnu-tools-for-stm32.11.3.rel1.win32_1.1.1.202309131626/tools/bin/../lib/gcc/arm-none-eabi/11.3.1/thumb/v7e-m+fp/hard/crtbegin.o
 .text          0x00000000080001e8       0x30 C:/ST/STM32CubeIDE_1.13.2/STM32CubeIDE/plugins/com.st.stm32cube.ide.mcu.externaltools.gnu-tools-for-stm32.11.3.rel1.win32_1.1.1.202309131626/tools/bin/../lib/gcc/arm-none-eabi/11.3.1/thumb/v7e-m+fp/hard\libgcc.a(_aeabi_uldivmod.o)
                0x00000000080001e8                __aeabi_uldivmod
 .text          0x0000000008000218      0x2c8 C:/ST/STM32CubeIDE_1.13.2/STM32CubeIDE/plugins/com.st.stm32cube.ide.mcu.externaltools.gnu-tools-for-stm32.11.3.rel1.win32_1.1.1.202309131626/tools/bin/../lib/gcc/arm-none-eabi/11.3.1/thumb/v7e-m+fp/hard\libgcc.a(_udivmoddi4.o)
                0x0000000008000218                __udivmoddi4
 .text          0x00000000080004e0        0x4 C:/ST/STM32CubeIDE_1.13.2/STM32CubeIDE/plugins/com.st.stm32cube.ide.mcu.externaltools.gnu-tools-for-stm32.11.3.rel1.win32_1.1.1.202309131626/tools/bin/../lib/gcc/arm-none-eabi/11.3.1/thumb/v7e-m+fp/hard\libgcc.a(_dvmd_tls.o)
                0x00000000080004e0                __aeabi_idiv0
                0x00000000080004e0                __aeabi_ldiv0
 *(.text*)
 .text.Skipper_Clock___Get_RCC_CFGR_APB_Value_From_Prescaler_Value
                0x00000000080004e4       0x88 ./Drivers/Skipper Drivers/Src/Skipper_Clock.o
                0x00000000080004e4                Skipper_Clock___Get_RCC_CFGR_APB_Value_From_Prescaler_Value
 .text.Skipper_Clock___Get_RCC_CFGR_AHB_Value_From_Prescaler_Value
                0x000000000800056c       0xd0 ./Drivers/Skipper Drivers/Src/Skipper_Clock.o
                0x000000000800056c                Skipper_Clock___Get_RCC_CFGR_AHB_Value_From_Prescaler_Value
 .text.Skipper_Clock___Turn_On_HSE
                0x000000000800063c       0x30 ./Drivers/Skipper Drivers/Src/Skipper_Clock.o
                0x000000000800063c                Skipper_Clock___Turn_On_HSE
 .text.Skipper_Clock___Turn_On_PLL
                0x000000000800066c       0x30 ./Drivers/Skipper Drivers/Src/Skipper_Clock.o
                0x000000000800066c                Skipper_Clock___Turn_On_PLL
 .text.Skipper_Clock___Turn_Off_HSI
                0x000000000800069c       0x30 ./Drivers/Skipper Drivers/Src/Skipper_Clock.o
                0x000000000800069c                Skipper_Clock___Turn_Off_HSI
 .text.Skipper_Clock___Set_MUX_Source
                0x00000000080006cc       0x74 ./Drivers/Skipper Drivers/Src/Skipper_Clock.o
                0x00000000080006cc                Skipper_Clock___Set_MUX_Source
 .text.Skipper_Clock___Init
                0x0000000008000740       0xa4 ./Drivers/Skipper Drivers/Src/Skipper_Clock.o
                0x0000000008000740                Skipper_Clock___Init
 .text.Skipper_Clock___Systick_Init
                0x00000000080007e4       0x54 ./Drivers/Skipper Drivers/Src/Skipper_Clock.o
                0x00000000080007e4                Skipper_Clock___Systick_Init
 .text.Skipper_Clock___Micros
                0x0000000008000838       0xdc ./Drivers/Skipper Drivers/Src/Skipper_Clock.o
                0x0000000008000838                Skipper_Clock___Micros
 .text.Skipper_Clock___Delay_ms
                0x0000000008000914       0xa4 ./Drivers/Skipper Drivers/Src/Skipper_Clock.o
                0x0000000008000914                Skipper_Clock___Delay_ms
 .text.SysTick_Handler
                0x00000000080009b8       0x28 ./Drivers/Skipper Drivers/Src/Skipper_Clock.o
                0x00000000080009b8                SysTick_Handler
 .text.GPIO_init
                0x00000000080009e0       0x64 ./Src/main.o
                0x00000000080009e0                GPIO_init
 .text.main     0x0000000008000a44       0x48 ./Src/main.o
                0x0000000008000a44                main
 .text.SystemInit
                0x0000000008000a8c       0x24 ./Src/system_stm32f4xx.o
                0x0000000008000a8c                SystemInit
 .text.Reset_Handler
                0x0000000008000ab0       0x50 ./Startup/startup_stm32f407zetx.o
                0x0000000008000ab0                Reset_Handler
 .text.Default_Handler
                0x0000000008000b00        0x2 ./Startup/startup_stm32f407zetx.o
                0x0000000008000b00                RTC_Alarm_IRQHandler
                0x0000000008000b00                HASH_RNG_IRQHandler
                0x0000000008000b00                EXTI2_IRQHandler
                0x0000000008000b00                TIM8_CC_IRQHandler
                0x0000000008000b00                DebugMon_Handler
                0x0000000008000b00                TIM1_CC_IRQHandler
                0x0000000008000b00                DMA2_Stream5_IRQHandler
                0x0000000008000b00                HardFault_Handler
                0x0000000008000b00                DMA1_Stream5_IRQHandler
                0x0000000008000b00                PVD_IRQHandler
                0x0000000008000b00                SDIO_IRQHandler
                0x0000000008000b00                TAMP_STAMP_IRQHandler
                0x0000000008000b00                PendSV_Handler
                0x0000000008000b00                NMI_Handler
                0x0000000008000b00                CAN2_RX1_IRQHandler
                0x0000000008000b00                EXTI3_IRQHandler
                0x0000000008000b00                TIM8_TRG_COM_TIM14_IRQHandler
                0x0000000008000b00                TIM1_UP_TIM10_IRQHandler
                0x0000000008000b00                TIM8_UP_TIM13_IRQHandler
                0x0000000008000b00                I2C3_ER_IRQHandler
                0x0000000008000b00                LCD_TFT_IRQHandler
                0x0000000008000b00                EXTI0_IRQHandler
                0x0000000008000b00                I2C2_EV_IRQHandler
                0x0000000008000b00                DMA1_Stream2_IRQHandler
                0x0000000008000b00                CAN1_RX0_IRQHandler
                0x0000000008000b00                FPU_IRQHandler
                0x0000000008000b00                OTG_HS_WKUP_IRQHandler
                0x0000000008000b00                UsageFault_Handler
                0x0000000008000b00                CAN2_SCE_IRQHandler
                0x0000000008000b00                DMA2_Stream2_IRQHandler
                0x0000000008000b00                SPI1_IRQHandler
                0x0000000008000b00                TIM6_DAC_IRQHandler
                0x0000000008000b00                TIM1_BRK_TIM9_IRQHandler
                0x0000000008000b00                DCMI_IRQHandler
                0x0000000008000b00                CAN2_RX0_IRQHandler
                0x0000000008000b00                DMA2_Stream3_IRQHandler
                0x0000000008000b00                USART6_IRQHandler
                0x0000000008000b00                USART3_IRQHandler
                0x0000000008000b00                CRYP_IRQHandler
                0x0000000008000b00                CAN1_RX1_IRQHandler
                0x0000000008000b00                UART5_IRQHandler
                0x0000000008000b00                DMA2_Stream0_IRQHandler
                0x0000000008000b00                TIM4_IRQHandler
                0x0000000008000b00                I2C1_EV_IRQHandler
                0x0000000008000b00                DMA1_Stream6_IRQHandler
                0x0000000008000b00                DMA1_Stream1_IRQHandler
                0x0000000008000b00                UART4_IRQHandler
                0x0000000008000b00                LCD_TFT_1_IRQHandler
                0x0000000008000b00                TIM3_IRQHandler
                0x0000000008000b00                RCC_IRQHandler
                0x0000000008000b00                TIM8_BRK_TIM12_IRQHandler
                0x0000000008000b00                Default_Handler
                0x0000000008000b00                EXTI15_10_IRQHandler
                0x0000000008000b00                ADC_IRQHandler
                0x0000000008000b00                DMA1_Stream7_IRQHandler
                0x0000000008000b00                TIM7_IRQHandler
                0x0000000008000b00                CAN2_TX_IRQHandler
                0x0000000008000b00                TIM5_IRQHandler
                0x0000000008000b00                DMA2_Stream7_IRQHandler
                0x0000000008000b00                I2C3_EV_IRQHandler
                0x0000000008000b00                EXTI9_5_IRQHandler
                0x0000000008000b00                RTC_WKUP_IRQHandler
                0x0000000008000b00                ETH_WKUP_IRQHandler
                0x0000000008000b00                SPI2_IRQHandler
                0x0000000008000b00                OTG_HS_EP1_IN_IRQHandler
                0x0000000008000b00                MemManage_Handler
                0x0000000008000b00                DMA1_Stream0_IRQHandler
                0x0000000008000b00                CAN1_TX_IRQHandler
                0x0000000008000b00                SVC_Handler
                0x0000000008000b00                EXTI4_IRQHandler
                0x0000000008000b00                FSMC_IRQHandler
                0x0000000008000b00                ETH_IRQHandler
                0x0000000008000b00                OTG_HS_EP1_OUT_IRQHandler
                0x0000000008000b00                WWDG_IRQHandler
                0x0000000008000b00                TIM2_IRQHandler
                0x0000000008000b00                OTG_FS_WKUP_IRQHandler
                0x0000000008000b00                TIM1_TRG_COM_TIM11_IRQHandler
                0x0000000008000b00                OTG_HS_IRQHandler
                0x0000000008000b00                EXTI1_IRQHandler
                0x0000000008000b00                USART2_IRQHandler
                0x0000000008000b00                I2C2_ER_IRQHandler
                0x0000000008000b00                DMA2_Stream1_IRQHandler
                0x0000000008000b00                CAN1_SCE_IRQHandler
                0x0000000008000b00                DMA2_Stream4_IRQHandler
                0x0000000008000b00                BusFault_Handler
                0x0000000008000b00                USART1_IRQHandler
                0x0000000008000b00                OTG_FS_IRQHandler
                0x0000000008000b00                SPI3_IRQHandler
                0x0000000008000b00                DMA1_Stream4_IRQHandler
                0x0000000008000b00                I2C1_ER_IRQHandler
                0x0000000008000b00                DMA2_Stream6_IRQHandler
                0x0000000008000b00                DMA1_Stream3_IRQHandler
 *fill*         0x0000000008000b02        0x2 
 .text.__libc_init_array
                0x0000000008000b04       0x48 C:/ST/STM32CubeIDE_1.13.2/STM32CubeIDE/plugins/com.st.stm32cube.ide.mcu.externaltools.gnu-tools-for-stm32.11.3.rel1.win32_1.1.1.202309131626/tools/bin/../lib/gcc/arm-none-eabi/11.3.1/../../../../arm-none-eabi/lib/thumb/v7e-m+fp/hard\libc_nano.a(libc_a-init.o)
                0x0000000008000b04                __libc_init_array
 *(.glue_7)
 .glue_7        0x0000000008000b4c        0x0 linker stubs
 *(.glue_7t)
 .glue_7t       0x0000000008000b4c        0x0 linker stubs
 *(.eh_frame)
 .eh_frame      0x0000000008000b4c        0x0 C:/ST/STM32CubeIDE_1.13.2/STM32CubeIDE/plugins/com.st.stm32cube.ide.mcu.externaltools.gnu-tools-for-stm32.11.3.rel1.win32_1.1.1.202309131626/tools/bin/../lib/gcc/arm-none-eabi/11.3.1/thumb/v7e-m+fp/hard/crtbegin.o
 *(.init)
 .init          0x0000000008000b4c        0x4 C:/ST/STM32CubeIDE_1.13.2/STM32CubeIDE/plugins/com.st.stm32cube.ide.mcu.externaltools.gnu-tools-for-stm32.11.3.rel1.win32_1.1.1.202309131626/tools/bin/../lib/gcc/arm-none-eabi/11.3.1/thumb/v7e-m+fp/hard/crti.o
                0x0000000008000b4c                _init
 .init          0x0000000008000b50        0x8 C:/ST/STM32CubeIDE_1.13.2/STM32CubeIDE/plugins/com.st.stm32cube.ide.mcu.externaltools.gnu-tools-for-stm32.11.3.rel1.win32_1.1.1.202309131626/tools/bin/../lib/gcc/arm-none-eabi/11.3.1/thumb/v7e-m+fp/hard/crtn.o
 *(.fini)
 .fini          0x0000000008000b58        0x4 C:/ST/STM32CubeIDE_1.13.2/STM32CubeIDE/plugins/com.st.stm32cube.ide.mcu.externaltools.gnu-tools-for-stm32.11.3.rel1.win32_1.1.1.202309131626/tools/bin/../lib/gcc/arm-none-eabi/11.3.1/thumb/v7e-m+fp/hard/crti.o
                0x0000000008000b58                _fini
 .fini          0x0000000008000b5c        0x8 C:/ST/STM32CubeIDE_1.13.2/STM32CubeIDE/plugins/com.st.stm32cube.ide.mcu.externaltools.gnu-tools-for-stm32.11.3.rel1.win32_1.1.1.202309131626/tools/bin/../lib/gcc/arm-none-eabi/11.3.1/thumb/v7e-m+fp/hard/crtn.o
                0x0000000008000b64                . = ALIGN (0x4)
                0x0000000008000b64                _etext = .

.vfp11_veneer   0x0000000008000b64        0x0
 .vfp11_veneer  0x0000000008000b64        0x0 linker stubs

.v4_bx          0x0000000008000b64        0x0
 .v4_bx         0x0000000008000b64        0x0 linker stubs

.iplt           0x0000000008000b64        0x0
 .iplt          0x0000000008000b64        0x0 C:/ST/STM32CubeIDE_1.13.2/STM32CubeIDE/plugins/com.st.stm32cube.ide.mcu.externaltools.gnu-tools-for-stm32.11.3.rel1.win32_1.1.1.202309131626/tools/bin/../lib/gcc/arm-none-eabi/11.3.1/thumb/v7e-m+fp/hard/crtbegin.o

.rodata         0x0000000008000b64        0x0
                0x0000000008000b64                . = ALIGN (0x4)
 *(.rodata)
 *(.rodata*)
                0x0000000008000b64                . = ALIGN (0x4)

.ARM.extab      0x0000000008000b64        0x0
                0x0000000008000b64                . = ALIGN (0x4)
 *(.ARM.extab* .gnu.linkonce.armextab.*)
                0x0000000008000b64                . = ALIGN (0x4)

.ARM            0x0000000008000b64        0x8
                0x0000000008000b64                . = ALIGN (0x4)
                0x0000000008000b64                __exidx_start = .
 *(.ARM.exidx*)
 .ARM.exidx     0x0000000008000b64        0x8 C:/ST/STM32CubeIDE_1.13.2/STM32CubeIDE/plugins/com.st.stm32cube.ide.mcu.externaltools.gnu-tools-for-stm32.11.3.rel1.win32_1.1.1.202309131626/tools/bin/../lib/gcc/arm-none-eabi/11.3.1/thumb/v7e-m+fp/hard\libgcc.a(_udivmoddi4.o)
                0x0000000008000b6c                __exidx_end = .
                0x0000000008000b6c                . = ALIGN (0x4)

.rel.dyn        0x0000000008000b6c        0x0
 .rel.iplt      0x0000000008000b6c        0x0 C:/ST/STM32CubeIDE_1.13.2/STM32CubeIDE/plugins/com.st.stm32cube.ide.mcu.externaltools.gnu-tools-for-stm32.11.3.rel1.win32_1.1.1.202309131626/tools/bin/../lib/gcc/arm-none-eabi/11.3.1/thumb/v7e-m+fp/hard/crtbegin.o

.preinit_array  0x0000000008000b6c        0x0
                0x0000000008000b6c                . = ALIGN (0x4)
                0x0000000008000b6c                PROVIDE (__preinit_array_start = .)
 *(.preinit_array*)
                0x0000000008000b6c                PROVIDE (__preinit_array_end = .)
                0x0000000008000b6c                . = ALIGN (0x4)

.init_array     0x0000000008000b6c        0x4
                0x0000000008000b6c                . = ALIGN (0x4)
                0x0000000008000b6c                PROVIDE (__init_array_start = .)
 *(SORT_BY_NAME(.init_array.*))
 *(.init_array*)
 .init_array    0x0000000008000b6c        0x4 C:/ST/STM32CubeIDE_1.13.2/STM32CubeIDE/plugins/com.st.stm32cube.ide.mcu.externaltools.gnu-tools-for-stm32.11.3.rel1.win32_1.1.1.202309131626/tools/bin/../lib/gcc/arm-none-eabi/11.3.1/thumb/v7e-m+fp/hard/crtbegin.o
                0x0000000008000b70                PROVIDE (__init_array_end = .)
                0x0000000008000b70                . = ALIGN (0x4)

.fini_array     0x0000000008000b70        0x4
                0x0000000008000b70                . = ALIGN (0x4)
                [!provide]                        PROVIDE (__fini_array_start = .)
 *(SORT_BY_NAME(.fini_array.*))
 *(.fini_array*)
 .fini_array    0x0000000008000b70        0x4 C:/ST/STM32CubeIDE_1.13.2/STM32CubeIDE/plugins/com.st.stm32cube.ide.mcu.externaltools.gnu-tools-for-stm32.11.3.rel1.win32_1.1.1.202309131626/tools/bin/../lib/gcc/arm-none-eabi/11.3.1/thumb/v7e-m+fp/hard/crtbegin.o
                [!provide]                        PROVIDE (__fini_array_end = .)
                0x0000000008000b74                . = ALIGN (0x4)
                0x0000000008000b74                _sidata = LOADADDR (.data)

.data           0x0000000020000000        0x0 load address 0x0000000008000b74
                0x0000000020000000                . = ALIGN (0x4)
                0x0000000020000000                _sdata = .
 *(.data)
 *(.data*)
 *(.RamFunc)
 *(.RamFunc*)
                0x0000000020000000                . = ALIGN (0x4)
                0x0000000020000000                _edata = .
                0x0000000008000b74                _siccmram = LOADADDR (.ccmram)

.igot.plt       0x0000000020000000        0x0 load address 0x0000000008000b74
 .igot.plt      0x0000000020000000        0x0 C:/ST/STM32CubeIDE_1.13.2/STM32CubeIDE/plugins/com.st.stm32cube.ide.mcu.externaltools.gnu-tools-for-stm32.11.3.rel1.win32_1.1.1.202309131626/tools/bin/../lib/gcc/arm-none-eabi/11.3.1/thumb/v7e-m+fp/hard/crtbegin.o

.ccmram         0x0000000010000000        0x0 load address 0x0000000008000b74
                0x0000000010000000                . = ALIGN (0x4)
                0x0000000010000000                _sccmram = .
 *(.ccmram)
 *(.ccmram*)
                0x0000000010000000                . = ALIGN (0x4)
                0x0000000010000000                _eccmram = .
                0x0000000010000000                . = ALIGN (0x4)

.bss            0x0000000020000000       0x28
                0x0000000020000000                _sbss = .
                0x0000000020000000                __bss_start__ = _sbss
 *(.bss)
 .bss           0x0000000020000000       0x1c C:/ST/STM32CubeIDE_1.13.2/STM32CubeIDE/plugins/com.st.stm32cube.ide.mcu.externaltools.gnu-tools-for-stm32.11.3.rel1.win32_1.1.1.202309131626/tools/bin/../lib/gcc/arm-none-eabi/11.3.1/thumb/v7e-m+fp/hard/crtbegin.o
 *(.bss*)
 *fill*         0x000000002000001c        0x4 
 .bss.Skipper_Clock___Micros_Storage
                0x0000000020000020        0x8 ./Drivers/Skipper Drivers/Src/Skipper_Clock.o
 *(COMMON)
                0x0000000020000028                . = ALIGN (0x4)
                0x0000000020000028                _ebss = .
                0x0000000020000028                __bss_end__ = _ebss

._user_heap_stack
                0x0000000020000028      0x600
                0x0000000020000028                . = ALIGN (0x8)
                [!provide]                        PROVIDE (end = .)
                0x0000000020000028                PROVIDE (_end = .)
                0x0000000020000228                . = (. + _Min_Heap_Size)
 *fill*         0x0000000020000028      0x200 
                0x0000000020000628                . = (. + _Min_Stack_Size)
 *fill*         0x0000000020000228      0x400 
                0x0000000020000628                . = ALIGN (0x8)

/DISCARD/
 libc.a(*)
 libm.a(*)
 libgcc.a(*)

.ARM.attributes
                0x0000000000000000       0x30
 *(.ARM.attributes)
 .ARM.attributes
                0x0000000000000000       0x1e C:/ST/STM32CubeIDE_1.13.2/STM32CubeIDE/plugins/com.st.stm32cube.ide.mcu.externaltools.gnu-tools-for-stm32.11.3.rel1.win32_1.1.1.202309131626/tools/bin/../lib/gcc/arm-none-eabi/11.3.1/thumb/v7e-m+fp/hard/crti.o
 .ARM.attributes
                0x000000000000001e       0x34 C:/ST/STM32CubeIDE_1.13.2/STM32CubeIDE/plugins/com.st.stm32cube.ide.mcu.externaltools.gnu-tools-for-stm32.11.3.rel1.win32_1.1.1.202309131626/tools/bin/../lib/gcc/arm-none-eabi/11.3.1/thumb/v7e-m+fp/hard/crtbegin.o
 .ARM.attributes
                0x0000000000000052       0x34 ./Drivers/Skipper Drivers/Src/Skipper_Clock.o
 .ARM.attributes
                0x0000000000000086       0x34 ./Src/main.o
 .ARM.attributes
                0x00000000000000ba       0x34 ./Src/system_stm32f4xx.o
 .ARM.attributes
                0x00000000000000ee       0x21 ./Startup/startup_stm32f407zetx.o
 .ARM.attributes
                0x000000000000010f       0x34 C:/ST/STM32CubeIDE_1.13.2/STM32CubeIDE/plugins/com.st.stm32cube.ide.mcu.externaltools.gnu-tools-for-stm32.11.3.rel1.win32_1.1.1.202309131626/tools/bin/../lib/gcc/arm-none-eabi/11.3.1/../../../../arm-none-eabi/lib/thumb/v7e-m+fp/hard\libc_nano.a(libc_a-init.o)
 .ARM.attributes
                0x0000000000000143       0x1e C:/ST/STM32CubeIDE_1.13.2/STM32CubeIDE/plugins/com.st.stm32cube.ide.mcu.externaltools.gnu-tools-for-stm32.11.3.rel1.win32_1.1.1.202309131626/tools/bin/../lib/gcc/arm-none-eabi/11.3.1/thumb/v7e-m+fp/hard\libgcc.a(_aeabi_uldivmod.o)
 .ARM.attributes
                0x0000000000000161       0x34 C:/ST/STM32CubeIDE_1.13.2/STM32CubeIDE/plugins/com.st.stm32cube.ide.mcu.externaltools.gnu-tools-for-stm32.11.3.rel1.win32_1.1.1.202309131626/tools/bin/../lib/gcc/arm-none-eabi/11.3.1/thumb/v7e-m+fp/hard\libgcc.a(_udivmoddi4.o)
 .ARM.attributes
                0x0000000000000195       0x1e C:/ST/STM32CubeIDE_1.13.2/STM32CubeIDE/plugins/com.st.stm32cube.ide.mcu.externaltools.gnu-tools-for-stm32.11.3.rel1.win32_1.1.1.202309131626/tools/bin/../lib/gcc/arm-none-eabi/11.3.1/thumb/v7e-m+fp/hard\libgcc.a(_dvmd_tls.o)
 .ARM.attributes
                0x00000000000001b3       0x1e C:/ST/STM32CubeIDE_1.13.2/STM32CubeIDE/plugins/com.st.stm32cube.ide.mcu.externaltools.gnu-tools-for-stm32.11.3.rel1.win32_1.1.1.202309131626/tools/bin/../lib/gcc/arm-none-eabi/11.3.1/thumb/v7e-m+fp/hard/crtn.o
OUTPUT(Skipper Template.elf elf32-littlearm)
LOAD linker stubs
LOAD C:/ST/STM32CubeIDE_1.13.2/STM32CubeIDE/plugins/com.st.stm32cube.ide.mcu.externaltools.gnu-tools-for-stm32.11.3.rel1.win32_1.1.1.202309131626/tools/bin/../lib/gcc/arm-none-eabi/11.3.1/../../../../arm-none-eabi/lib/thumb/v7e-m+fp/hard\libc.a
LOAD C:/ST/STM32CubeIDE_1.13.2/STM32CubeIDE/plugins/com.st.stm32cube.ide.mcu.externaltools.gnu-tools-for-stm32.11.3.rel1.win32_1.1.1.202309131626/tools/bin/../lib/gcc/arm-none-eabi/11.3.1/../../../../arm-none-eabi/lib/thumb/v7e-m+fp/hard\libm.a
LOAD C:/ST/STM32CubeIDE_1.13.2/STM32CubeIDE/plugins/com.st.stm32cube.ide.mcu.externaltools.gnu-tools-for-stm32.11.3.rel1.win32_1.1.1.202309131626/tools/bin/../lib/gcc/arm-none-eabi/11.3.1/thumb/v7e-m+fp/hard\libgcc.a

.comment        0x0000000000000000       0x43
 .comment       0x0000000000000000       0x43 C:/ST/STM32CubeIDE_1.13.2/STM32CubeIDE/plugins/com.st.stm32cube.ide.mcu.externaltools.gnu-tools-for-stm32.11.3.rel1.win32_1.1.1.202309131626/tools/bin/../lib/gcc/arm-none-eabi/11.3.1/thumb/v7e-m+fp/hard/crtbegin.o
                                         0x44 (size before relaxing)
 .comment       0x0000000000000043       0x44 ./Drivers/Skipper Drivers/Src/Skipper_Clock.o
 .comment       0x0000000000000043       0x44 ./Src/main.o
 .comment       0x0000000000000043       0x44 ./Src/system_stm32f4xx.o

.debug_info     0x0000000000000000      0xdfb
 .debug_info    0x0000000000000000      0x5a9 ./Drivers/Skipper Drivers/Src/Skipper_Clock.o
 .debug_info    0x00000000000005a9      0x324 ./Src/main.o
 .debug_info    0x00000000000008cd      0x50b ./Src/system_stm32f4xx.o
 .debug_info    0x0000000000000dd8       0x23 ./Startup/startup_stm32f407zetx.o

.debug_abbrev   0x0000000000000000      0x3b1
 .debug_abbrev  0x0000000000000000      0x17e ./Drivers/Skipper Drivers/Src/Skipper_Clock.o
 .debug_abbrev  0x000000000000017e      0x107 ./Src/main.o
 .debug_abbrev  0x0000000000000285      0x11a ./Src/system_stm32f4xx.o
 .debug_abbrev  0x000000000000039f       0x12 ./Startup/startup_stm32f407zetx.o

.debug_aranges  0x0000000000000000       0xf0
 .debug_aranges
                0x0000000000000000       0x78 ./Drivers/Skipper Drivers/Src/Skipper_Clock.o
 .debug_aranges
                0x0000000000000078       0x28 ./Src/main.o
 .debug_aranges
                0x00000000000000a0       0x28 ./Src/system_stm32f4xx.o
 .debug_aranges
                0x00000000000000c8       0x28 ./Startup/startup_stm32f407zetx.o

.debug_rnglists
                0x0000000000000000       0xa6
 .debug_rnglists
                0x0000000000000000       0x5a ./Drivers/Skipper Drivers/Src/Skipper_Clock.o
 .debug_rnglists
                0x000000000000005a       0x19 ./Src/main.o
 .debug_rnglists
                0x0000000000000073       0x1a ./Src/system_stm32f4xx.o
 .debug_rnglists
                0x000000000000008d       0x19 ./Startup/startup_stm32f407zetx.o

.debug_macro    0x0000000000000000    0x1913c
 .debug_macro   0x0000000000000000      0x1ab ./Drivers/Skipper Drivers/Src/Skipper_Clock.o
 .debug_macro   0x00000000000001ab      0xab4 ./Drivers/Skipper Drivers/Src/Skipper_Clock.o
 .debug_macro   0x0000000000000c5f       0x2a ./Drivers/Skipper Drivers/Src/Skipper_Clock.o
 .debug_macro   0x0000000000000c89       0x22 ./Drivers/Skipper Drivers/Src/Skipper_Clock.o
 .debug_macro   0x0000000000000cab       0x5b ./Drivers/Skipper Drivers/Src/Skipper_Clock.o
 .debug_macro   0x0000000000000d06       0x94 ./Drivers/Skipper Drivers/Src/Skipper_Clock.o
 .debug_macro   0x0000000000000d9a       0x43 ./Drivers/Skipper Drivers/Src/Skipper_Clock.o
 .debug_macro   0x0000000000000ddd       0x34 ./Drivers/Skipper Drivers/Src/Skipper_Clock.o
 .debug_macro   0x0000000000000e11       0x16 ./Drivers/Skipper Drivers/Src/Skipper_Clock.o
 .debug_macro   0x0000000000000e27      0x10e ./Drivers/Skipper Drivers/Src/Skipper_Clock.o
 .debug_macro   0x0000000000000f35       0x8d ./Drivers/Skipper Drivers/Src/Skipper_Clock.o
 .debug_macro   0x0000000000000fc2       0x16 ./Drivers/Skipper Drivers/Src/Skipper_Clock.o
 .debug_macro   0x0000000000000fd8       0x43 ./Drivers/Skipper Drivers/Src/Skipper_Clock.o
 .debug_macro   0x000000000000101b       0x57 ./Drivers/Skipper Drivers/Src/Skipper_Clock.o
 .debug_macro   0x0000000000001072       0x34 ./Drivers/Skipper Drivers/Src/Skipper_Clock.o
 .debug_macro   0x00000000000010a6       0x10 ./Drivers/Skipper Drivers/Src/Skipper_Clock.o
 .debug_macro   0x00000000000010b6       0x58 ./Drivers/Skipper Drivers/Src/Skipper_Clock.o
 .debug_macro   0x000000000000110e       0x8e ./Drivers/Skipper Drivers/Src/Skipper_Clock.o
 .debug_macro   0x000000000000119c       0x1c ./Drivers/Skipper Drivers/Src/Skipper_Clock.o
 .debug_macro   0x00000000000011b8      0x177 ./Drivers/Skipper Drivers/Src/Skipper_Clock.o
 .debug_macro   0x000000000000132f      0x369 ./Drivers/Skipper Drivers/Src/Skipper_Clock.o
 .debug_macro   0x0000000000001698       0x16 ./Drivers/Skipper Drivers/Src/Skipper_Clock.o
 .debug_macro   0x00000000000016ae       0x29 ./Drivers/Skipper Drivers/Src/Skipper_Clock.o
 .debug_macro   0x00000000000016d7      0x103 ./Drivers/Skipper Drivers/Src/Skipper_Clock.o
 .debug_macro   0x00000000000017da       0x6a ./Drivers/Skipper Drivers/Src/Skipper_Clock.o
 .debug_macro   0x0000000000001844      0x1df ./Drivers/Skipper Drivers/Src/Skipper_Clock.o
 .debug_macro   0x0000000000001a23       0x28 ./Drivers/Skipper Drivers/Src/Skipper_Clock.o
 .debug_macro   0x0000000000001a4b       0x2f ./Drivers/Skipper Drivers/Src/Skipper_Clock.o
 .debug_macro   0x0000000000001a7a       0x1c ./Drivers/Skipper Drivers/Src/Skipper_Clock.o
 .debug_macro   0x0000000000001a96       0x22 ./Drivers/Skipper Drivers/Src/Skipper_Clock.o
 .debug_macro   0x0000000000001ab8       0xd9 ./Drivers/Skipper Drivers/Src/Skipper_Clock.o
 .debug_macro   0x0000000000001b91     0x102d ./Drivers/Skipper Drivers/Src/Skipper_Clock.o
 .debug_macro   0x0000000000002bbe      0x11f ./Drivers/Skipper Drivers/Src/Skipper_Clock.o
 .debug_macro   0x0000000000002cdd    0x15e82 ./Drivers/Skipper Drivers/Src/Skipper_Clock.o
 .debug_macro   0x0000000000018b5f       0x6d ./Drivers/Skipper Drivers/Src/Skipper_Clock.o
 .debug_macro   0x0000000000018bcc       0x16 ./Drivers/Skipper Drivers/Src/Skipper_Clock.o
 .debug_macro   0x0000000000018be2      0x1ff ./Drivers/Skipper Drivers/Src/Skipper_Clock.o
 .debug_macro   0x0000000000018de1      0x1a2 ./Src/main.o
 .debug_macro   0x0000000000018f83       0xda ./Src/system_stm32f4xx.o
 .debug_macro   0x000000000001905d       0x8e ./Src/system_stm32f4xx.o
 .debug_macro   0x00000000000190eb       0x51 ./Src/system_stm32f4xx.o

.debug_line     0x0000000000000000     0x1775
 .debug_line    0x0000000000000000      0x99e ./Drivers/Skipper Drivers/Src/Skipper_Clock.o
 .debug_line    0x000000000000099e      0x76d ./Src/main.o
 .debug_line    0x000000000000110b      0x5ef ./Src/system_stm32f4xx.o
 .debug_line    0x00000000000016fa       0x7b ./Startup/startup_stm32f407zetx.o

.debug_str      0x0000000000000000    0x8c97d
 .debug_str     0x0000000000000000    0x8c7eb ./Drivers/Skipper Drivers/Src/Skipper_Clock.o
                                      0x8ca2a (size before relaxing)
 .debug_str     0x000000000008c7eb       0x4f ./Src/main.o
                                      0x8c7bc (size before relaxing)
 .debug_str     0x000000000008c83a      0x114 ./Src/system_stm32f4xx.o
                                      0x882a9 (size before relaxing)
 .debug_str     0x000000000008c94e       0x2f ./Startup/startup_stm32f407zetx.o
                                         0x79 (size before relaxing)

.debug_frame    0x0000000000000000      0x308
 .debug_frame   0x0000000000000000      0x1d8 ./Drivers/Skipper Drivers/Src/Skipper_Clock.o
 .debug_frame   0x00000000000001d8       0x4c ./Src/main.o
 .debug_frame   0x0000000000000224       0x58 ./Src/system_stm32f4xx.o
 .debug_frame   0x000000000000027c       0x2c C:/ST/STM32CubeIDE_1.13.2/STM32CubeIDE/plugins/com.st.stm32cube.ide.mcu.externaltools.gnu-tools-for-stm32.11.3.rel1.win32_1.1.1.202309131626/tools/bin/../lib/gcc/arm-none-eabi/11.3.1/../../../../arm-none-eabi/lib/thumb/v7e-m+fp/hard\libc_nano.a(libc_a-init.o)
 .debug_frame   0x00000000000002a8       0x2c C:/ST/STM32CubeIDE_1.13.2/STM32CubeIDE/plugins/com.st.stm32cube.ide.mcu.externaltools.gnu-tools-for-stm32.11.3.rel1.win32_1.1.1.202309131626/tools/bin/../lib/gcc/arm-none-eabi/11.3.1/thumb/v7e-m+fp/hard\libgcc.a(_aeabi_uldivmod.o)
 .debug_frame   0x00000000000002d4       0x34 C:/ST/STM32CubeIDE_1.13.2/STM32CubeIDE/plugins/com.st.stm32cube.ide.mcu.externaltools.gnu-tools-for-stm32.11.3.rel1.win32_1.1.1.202309131626/tools/bin/../lib/gcc/arm-none-eabi/11.3.1/thumb/v7e-m+fp/hard\libgcc.a(_udivmoddi4.o)

.debug_line_str
                0x0000000000000000       0x6d
 .debug_line_str
                0x0000000000000000       0x6d ./Startup/startup_stm32f407zetx.o
                                         0x85 (size before relaxing)
