../Drivers/Skipper Drivers/Src/Skipper_Clock.c:16:9:Skipper_Clock___Get_RCC_CFGR_APB_Value_From_Prescaler_Value	24	static
../Drivers/Skipper Drivers/Src/Skipper_Clock.c:46:9:Skipper_Clock___Get_RCC_CFGR_AHB_Value_From_Prescaler_Value	24	static
../Drivers/Skipper Drivers/Src/Skipper_Clock.c:92:6:Skipper_Clock___Turn_On_HSE	4	static
../Drivers/Skipper Drivers/Src/Skipper_Clock.c:98:6:Skipper_Clock___Turn_On_PLL	4	static
../Drivers/Skipper Drivers/Src/Skipper_Clock.c:104:6:Skipper_Clock___Turn_Off_HSI	4	static
../Drivers/Skipper Drivers/Src/Skipper_Clock.c:110:6:Skipper_Clock___Set_MUX_Source	16	static
../Drivers/Skipper Drivers/Src/Skipper_Clock.c:129:6:Skipper_Clock___Init	16	static
../Drivers/Skipper Drivers/Src/Skipper_Clock.c:173:6:Skipper_Clock___Systick_Init	4	static
../Drivers/Skipper Drivers/Src/Skipper_Clock.c:191:10:Skipper_Clock___Micros	88	static
../Drivers/Skipper Drivers/Src/Skipper_Clock.c:200:6:Skipper_Clock___Delay_ms	64	static
../Drivers/Skipper Drivers/Src/Skipper_Clock.c:207:6:Skipper_Clock___Delay_us	40	static
../Drivers/Skipper Drivers/Src/Skipper_Clock.c:214:6:SysTick_Handler	8	static
